
There are no discarded input sections

Memory Configuration

Name             Origin             Length             Attributes
ROM              0x00000000         0x00040000         xr
RAM              0x20000000         0x00008000         xrw
*default*        0x00000000         0xffffffff

Linker script and memory map

LOAD ./bsp.o
LOAD ./main.o
LOAD ./startup_TM4C123GH6PM.o
LOAD ./system_TM4C123GH6PM.o
LOAD ./qpc/ports/arm-cm/qxk/gnu/qxk_port.o
LOAD ./qpc/src/qf/qep_hsm.o
LOAD ./qpc/src/qf/qep_msm.o
LOAD ./qpc/src/qf/qf_act.o
LOAD ./qpc/src/qf/qf_actq.o
LOAD ./qpc/src/qf/qf_defer.o
LOAD ./qpc/src/qf/qf_dyn.o
LOAD ./qpc/src/qf/qf_mem.o
LOAD ./qpc/src/qf/qf_ps.o
LOAD ./qpc/src/qf/qf_qact.o
LOAD ./qpc/src/qf/qf_qeq.o
LOAD ./qpc/src/qf/qf_qmact.o
LOAD ./qpc/src/qf/qf_time.o
LOAD ./qpc/src/qxk/qxk.o
LOAD ./qpc/src/qxk/qxk_mutex.o
LOAD ./qpc/src/qxk/qxk_sema.o
LOAD ./qpc/src/qxk/qxk_xthr.o
                0x00000800                        STACK_SIZE = 0x800
                0x00000000                        HEAP_SIZE = 0x0

.isr_vector     0x00000000      0x36c
 *(.isr_vector)
 .isr_vector    0x00000000      0x36c ./startup_TM4C123GH6PM.o
                0x00000000                g_pfnVectors
                0x0000036c                        . = ALIGN (0x4)

.text           0x0000036c     0x30c0
                0x0000036c                        . = ALIGN (0x4)
 *(.text)
 .text          0x0000036c        0x0 ./bsp.o
 .text          0x0000036c        0x0 ./main.o
 .text          0x0000036c        0x0 ./startup_TM4C123GH6PM.o
 .text          0x0000036c        0x0 ./system_TM4C123GH6PM.o
 .text          0x0000036c        0x0 ./qpc/ports/arm-cm/qxk/gnu/qxk_port.o
 .text          0x0000036c        0x0 ./qpc/src/qf/qep_hsm.o
 .text          0x0000036c        0x0 ./qpc/src/qf/qep_msm.o
 .text          0x0000036c        0x0 ./qpc/src/qf/qf_act.o
 .text          0x0000036c        0x0 ./qpc/src/qf/qf_actq.o
 .text          0x0000036c        0x0 ./qpc/src/qf/qf_defer.o
 .text          0x0000036c        0x0 ./qpc/src/qf/qf_dyn.o
 .text          0x0000036c        0x0 ./qpc/src/qf/qf_mem.o
 .text          0x0000036c        0x0 ./qpc/src/qf/qf_ps.o
 .text          0x0000036c        0x0 ./qpc/src/qf/qf_qact.o
 .text          0x0000036c        0x0 ./qpc/src/qf/qf_qeq.o
 .text          0x0000036c        0x0 ./qpc/src/qf/qf_qmact.o
 .text          0x0000036c        0x0 ./qpc/src/qf/qf_time.o
 .text          0x0000036c        0x0 ./qpc/src/qxk/qxk.o
 .text          0x0000036c        0x0 ./qpc/src/qxk/qxk_mutex.o
 .text          0x0000036c        0x0 ./qpc/src/qxk/qxk_sema.o
 .text          0x0000036c        0x0 ./qpc/src/qxk/qxk_xthr.o
 *(.text*)
 .text.SysTick_Handler
                0x0000036c       0x32 ./bsp.o
                0x0000036c                SysTick_Handler
 *fill*         0x0000039e        0x2 
 .text.GPIOPortF_IRQHandler
                0x000003a0       0x50 ./bsp.o
                0x000003a0                GPIOPortF_IRQHandler
 .text.BSP_init
                0x000003f0       0x8c ./bsp.o
                0x000003f0                BSP_init
 .text.BSP_ledRedOn
                0x0000047c        0xc ./bsp.o
                0x0000047c                BSP_ledRedOn
 .text.BSP_ledRedOff
                0x00000488        0xc ./bsp.o
                0x00000488                BSP_ledRedOff
 .text.BSP_ledBlueOn
                0x00000494        0xc ./bsp.o
                0x00000494                BSP_ledBlueOn
 .text.BSP_ledBlueOff
                0x000004a0        0xc ./bsp.o
                0x000004a0                BSP_ledBlueOff
 .text.BSP_ledGreenOn
                0x000004ac        0xc ./bsp.o
                0x000004ac                BSP_ledGreenOn
 .text.BSP_ledGreenOff
                0x000004b8        0xc ./bsp.o
                0x000004b8                BSP_ledGreenOff
 .text.QF_onStartup
                0x000004c4       0x58 ./bsp.o
                0x000004c4                QF_onStartup
 .text.QF_onCleanup
                0x0000051c        0x2 ./bsp.o
                0x0000051c                QF_onCleanup
 *fill*         0x0000051e        0x2 
 .text.QXK_onIdle
                0x00000520       0x10 ./bsp.o
                0x00000520                QXK_onIdle
 .text.Q_onError
                0x00000530        0xc ./bsp.o
                0x00000530                Q_onError
 .text.assert_failed
                0x0000053c        0x6 ./bsp.o
                0x0000053c                assert_failed
 .text.main_blinky1
                0x00000542       0x26 ./main.o
                0x00000542                main_blinky1
 .text.main_blinky2
                0x00000568       0x2c ./main.o
                0x00000568                main_blinky2
 .text.main_blinky3
                0x00000594       0x1c ./main.o
                0x00000594                main_blinky3
 .text.main     0x000005b0       0x80 ./main.o
                0x000005b0                main
 .text.Reset_Handler
                0x00000630       0x6c ./startup_TM4C123GH6PM.o
                0x00000630                Reset_Handler
 .text.NMI_Handler
                0x0000069c       0x18 ./startup_TM4C123GH6PM.o
 .text.HardFault_Handler
                0x000006b4       0x18 ./startup_TM4C123GH6PM.o
                0x000006b4                HardFault_Handler
 .text.MemManage_Handler
                0x000006cc       0x18 ./startup_TM4C123GH6PM.o
                0x000006cc                MemManage_Handler
 .text.BusFault_Handler
                0x000006e4       0x18 ./startup_TM4C123GH6PM.o
                0x000006e4                BusFault_Handler
 .text.UsageFault_Handler
                0x000006fc       0x18 ./startup_TM4C123GH6PM.o
                0x000006fc                UsageFault_Handler
 .text.Default_Handler
                0x00000714       0x18 ./startup_TM4C123GH6PM.o
                0x00000714                uDMAST_IRQHandler
                0x00000714                GPIOPortP4_IRQHandler
                0x00000714                PWM1Gen3_IRQHandler
                0x00000714                WideTimer5B_IRQHandler
                0x00000714                DebugMon_Handler
                0x00000714                QEI2_IRQHandler
                0x00000714                FlashCtrl_IRQHandler
                0x00000714                GPIOPortP7_IRQHandler
                0x00000714                Timer0B_IRQHandler
                0x00000714                I2C0_IRQHandler
                0x00000714                WideTimer4B_IRQHandler
                0x00000714                I2C1_IRQHandler
                0x00000714                GPIOPortP5_IRQHandler
                0x00000714                PWMGen0_IRQHandler
                0x00000714                UART1_IRQHandler
                0x00000714                CAN1_IRQHandler
                0x00000714                Timer1B_IRQHandler
                0x00000714                Watchdog_IRQHandler
                0x00000714                GPIOPortS_IRQHandler
                0x00000714                GPIOPortQ7_IRQHandler
                0x00000714                PWM1Gen2_IRQHandler
                0x00000714                UART0_IRQHandler
                0x00000714                GPIOPortL_IRQHandler
                0x00000714                SSI0_IRQHandler
                0x00000714                GPIOPortM_IRQHandler
                0x00000714                FPU_IRQHandler
                0x00000714                ADCSeq1_IRQHandler
                0x00000714                GPIOPortP0_IRQHandler
                0x00000714                WideTimer0B_IRQHandler
                0x00000714                PWMFault_IRQHandler
                0x00000714                WideTimer1A_IRQHandler
                0x00000714                I2C4_IRQHandler
                0x00000714                I2C5_IRQHandler
                0x00000714                GPIOPortQ5_IRQHandler
                0x00000714                PWMGen1_IRQHandler
                0x00000714                SSI1_IRQHandler
                0x00000714                I2C2_IRQHandler
                0x00000714                GPIOPortC_IRQHandler
                0x00000714                UART5_IRQHandler
                0x00000714                GPIOPortK_IRQHandler
                0x00000714                ADCSeq2_IRQHandler
                0x00000714                PWMGen2_IRQHandler
                0x00000714                UART2_IRQHandler
                0x00000714                GPIOPortP3_IRQHandler
                0x00000714                ADC1Seq0_IRQHandler
                0x00000714                UART4_IRQHandler
                0x00000714                GPIOPortJ_IRQHandler
                0x00000714                Default_Handler
                0x00000714                WideTimer0A_IRQHandler
                0x00000714                Timer5A_IRQHandler
                0x00000714                WideTimer3B_IRQHandler
                0x00000714                WideTimer2B_IRQHandler
                0x00000714                WideTimer5A_IRQHandler
                0x00000714                Timer4A_IRQHandler
                0x00000714                QEI1_IRQHandler
                0x00000714                PWM1Fault_IRQHandler
                0x00000714                GPIOPortP6_IRQHandler
                0x00000714                QEI0_IRQHandler
                0x00000714                ADC1Seq2_IRQHandler
                0x00000714                ADC1Seq1_IRQHandler
                0x00000714                PWMGen3_IRQHandler
                0x00000714                GPIOPortD_IRQHandler
                0x00000714                USB0_IRQHandler
                0x00000714                I2C3_IRQHandler
                0x00000714                SVC_Handler
                0x00000714                GPIOPortP2_IRQHandler
                0x00000714                GPIOPortQ4_IRQHandler
                0x00000714                Timer3B_IRQHandler
                0x00000714                Timer3A_IRQHandler
                0x00000714                GPIOPortA_IRQHandler
                0x00000714                ADC1Seq3_IRQHandler
                0x00000714                Timer0A_IRQHandler
                0x00000714                GPIOPortP1_IRQHandler
                0x00000714                ADCSeq0_IRQHandler
                0x00000714                Timer1A_IRQHandler
                0x00000714                GPIOPortG_IRQHandler
                0x00000714                GPIOPortQ1_IRQHandler
                0x00000714                GPIOPortQ3_IRQHandler
                0x00000714                Timer5B_IRQHandler
                0x00000714                ADCSeq3_IRQHandler
                0x00000714                WideTimer4A_IRQHandler
                0x00000714                GPIOPortE_IRQHandler
                0x00000714                CAN0_IRQHandler
                0x00000714                GPIOPortQ0_IRQHandler
                0x00000714                Comp0_IRQHandler
                0x00000714                Comp1_IRQHandler
                0x00000714                Comp2_IRQHandler
                0x00000714                GPIOPortQ6_IRQHandler
                0x00000714                SSI2_IRQHandler
                0x00000714                PWM1Gen0_IRQHandler
                0x00000714                UART7_IRQHandler
                0x00000714                UART6_IRQHandler
                0x00000714                WideTimer2A_IRQHandler
                0x00000714                GPIOPortB_IRQHandler
                0x00000714                WideTimer3A_IRQHandler
                0x00000714                CAN2_IRQHandler
                0x00000714                WideTimer1B_IRQHandler
                0x00000714                GPIOPortH_IRQHandler
                0x00000714                GPIOPortQ2_IRQHandler
                0x00000714                GPIOPortR_IRQHandler
                0x00000714                Timer4B_IRQHandler
                0x00000714                Timer2A_IRQHandler
                0x00000714                SSI3_IRQHandler
                0x00000714                Timer2B_IRQHandler
                0x00000714                uDMAError_IRQHandler
                0x00000714                GPIOPortN_IRQHandler
                0x00000714                UART3_IRQHandler
                0x00000714                SysCtrl_IRQHandler
                0x00000714                Hibernate_IRQHandler
                0x00000714                PWM1Gen1_IRQHandler
 .text.getOscClk
                0x0000072c      0x148 ./system_TM4C123GH6PM.o
 .text.SystemCoreClockUpdate
                0x00000874       0xb4 ./system_TM4C123GH6PM.o
                0x00000874                SystemCoreClockUpdate
 .text.SystemInit
                0x00000928       0xb8 ./system_TM4C123GH6PM.o
                0x00000928                SystemInit
 .text.QXThread_stackInit_
                0x000009e0       0x9c ./qpc/ports/arm-cm/qxk/gnu/qxk_port.o
                0x000009e0                QXThread_stackInit_
 .text.QXK_init
                0x00000a7c       0x54 ./qpc/ports/arm-cm/qxk/gnu/qxk_port.o
                0x00000a7c                QXK_init
 .text.PendSV_Handler
                0x00000ad0      0x10c ./qpc/ports/arm-cm/qxk/gnu/qxk_port.o
                0x00000ad0                PendSV_Handler
 .text.QXK_thread_ret
                0x00000bdc       0x24 ./qpc/ports/arm-cm/qxk/gnu/qxk_port.o
                0x00000bdc                QXK_thread_ret
 .text.NMI_Handler
                0x00000c00       0x1e ./qpc/ports/arm-cm/qxk/gnu/qxk_port.o
                0x00000c00                NMI_Handler
 .text.QHsm_top
                0x00000c1e        0x4 ./qpc/src/qf/qep_hsm.o
                0x00000c1e                QHsm_top
 *fill*         0x00000c22        0x2 
 .text.QHsm_init_
                0x00000c24       0xdc ./qpc/src/qf/qep_hsm.o
                0x00000c24                QHsm_init_
 .text.QHsm_ctor
                0x00000d00       0x14 ./qpc/src/qf/qep_hsm.o
                0x00000d00                QHsm_ctor
 .text.QHsm_isIn
                0x00000d14       0x58 ./qpc/src/qf/qep_hsm.o
                0x00000d14                QHsm_isIn
 .text.QHsm_childState
                0x00000d6c       0x58 ./qpc/src/qf/qep_hsm.o
                0x00000d6c                QHsm_childState
 .text.QHsm_tran_
                0x00000dc4      0x13c ./qpc/src/qf/qep_hsm.o
                0x00000dc4                QHsm_tran_
 .text.QHsm_dispatch_
                0x00000f00      0x144 ./qpc/src/qf/qep_hsm.o
                0x00000f00                QHsm_dispatch_
 .text.QMsm_ctor
                0x00001044       0x14 ./qpc/src/qf/qep_msm.o
                0x00001044                QMsm_ctor
 .text.QMsm_isInState
                0x00001058       0x14 ./qpc/src/qf/qep_msm.o
                0x00001058                QMsm_isInState
 .text.QMsm_childStateObj
                0x0000106c       0x5c ./qpc/src/qf/qep_msm.o
                0x0000106c                QMsm_childStateObj
 .text.QMsm_execTatbl_
                0x000010c8       0x4c ./qpc/src/qf/qep_msm.o
                0x000010c8                QMsm_execTatbl_
 .text.QMsm_init_
                0x00001114       0x78 ./qpc/src/qf/qep_msm.o
                0x00001114                QMsm_init_
 .text.QMsm_exitToTranSource_
                0x0000118c       0x48 ./qpc/src/qf/qep_msm.o
                0x0000118c                QMsm_exitToTranSource_
 .text.QMsm_enterHistory_
                0x000011d4       0x7c ./qpc/src/qf/qep_msm.o
                0x000011d4                QMsm_enterHistory_
 .text.QMsm_dispatch_
                0x00001250      0x19c ./qpc/src/qf/qep_msm.o
                0x00001250                QMsm_dispatch_
 .text.QF_bzero_
                0x000013ec       0x10 ./qpc/src/qf/qf_act.o
                0x000013ec                QF_bzero_
 .text.QTicker_init_
                0x000013fc       0x18 ./qpc/src/qf/qf_actq.o
                0x000013fc                QTicker_init_
 .text.QTicker_dispatch_
                0x00001414       0x32 ./qpc/src/qf/qf_actq.o
                0x00001414                QTicker_dispatch_
 *fill*         0x00001446        0x2 
 .text.QActive_post_
                0x00001448      0x114 ./qpc/src/qf/qf_actq.o
                0x00001448                QActive_post_
 .text.QActive_postLIFO_
                0x0000155c       0xc4 ./qpc/src/qf/qf_actq.o
                0x0000155c                QActive_postLIFO_
 .text.QActive_get_
                0x00001620       0x70 ./qpc/src/qf/qf_actq.o
                0x00001620                QActive_get_
 .text.QF_getQueueMin
                0x00001690       0x38 ./qpc/src/qf/qf_actq.o
                0x00001690                QF_getQueueMin
 .text.QTicker_ctor
                0x000016c8       0x1c ./qpc/src/qf/qf_actq.o
                0x000016c8                QTicker_ctor
 .text.QTicker_trig_
                0x000016e4       0x68 ./qpc/src/qf/qf_actq.o
                0x000016e4                QTicker_trig_
 .text.QActive_defer
                0x0000174c       0x14 ./qpc/src/qf/qf_defer.o
                0x0000174c                QActive_defer
 .text.QActive_recall
                0x00001760       0x54 ./qpc/src/qf/qf_defer.o
                0x00001760                QActive_recall
 .text.QActive_flushDeferred
                0x000017b4       0x2c ./qpc/src/qf/qf_defer.o
                0x000017b4                QActive_flushDeferred
 .text.QF_poolInit
                0x000017e0       0x70 ./qpc/src/qf/qf_dyn.o
                0x000017e0                QF_poolInit
 .text.QF_poolGetMaxBlockSize
                0x00001850       0x18 ./qpc/src/qf/qf_dyn.o
                0x00001850                QF_poolGetMaxBlockSize
 .text.QF_getPoolMin
                0x00001868       0x44 ./qpc/src/qf/qf_dyn.o
                0x00001868                QF_getPoolMin
 .text.QF_newX_
                0x000018ac       0xac ./qpc/src/qf/qf_dyn.o
                0x000018ac                QF_newX_
 .text.QF_gc    0x00001958       0x80 ./qpc/src/qf/qf_dyn.o
                0x00001958                QF_gc
 .text.QF_newRef_
                0x000019d8       0x4c ./qpc/src/qf/qf_dyn.o
                0x000019d8                QF_newRef_
 .text.QF_deleteRef_
                0x00001a24       0x34 ./qpc/src/qf/qf_dyn.o
                0x00001a24                QF_deleteRef_
 .text.QMPool_init
                0x00001a58       0xa0 ./qpc/src/qf/qf_mem.o
                0x00001a58                QMPool_init
 .text.QMPool_get
                0x00001af8       0x98 ./qpc/src/qf/qf_mem.o
                0x00001af8                QMPool_get
 .text.QMPool_put
                0x00001b90       0x50 ./qpc/src/qf/qf_mem.o
                0x00001b90                QMPool_put
 .text.QActive_psInit
                0x00001be0       0x30 ./qpc/src/qf/qf_ps.o
                0x00001be0                QActive_psInit
 .text.QActive_publish_
                0x00001c10      0x11c ./qpc/src/qf/qf_ps.o
                0x00001c10                QActive_publish_
 .text.QActive_subscribe
                0x00001d2c       0x90 ./qpc/src/qf/qf_ps.o
                0x00001d2c                QActive_subscribe
 .text.QActive_unsubscribe
                0x00001dbc       0x90 ./qpc/src/qf/qf_ps.o
                0x00001dbc                QActive_unsubscribe
 .text.QActive_unsubscribeAll
                0x00001e4c       0xa0 ./qpc/src/qf/qf_ps.o
                0x00001e4c                QActive_unsubscribeAll
 .text.QActive_ctor
                0x00001eec       0x20 ./qpc/src/qf/qf_qact.o
                0x00001eec                QActive_ctor
 .text.QActive_register_
                0x00001f0c       0x9c ./qpc/src/qf/qf_qact.o
                0x00001f0c                QActive_register_
 .text.QActive_unregister_
                0x00001fa8       0x48 ./qpc/src/qf/qf_qact.o
                0x00001fa8                QActive_unregister_
 .text.QEQueue_init
                0x00001ff0       0x1e ./qpc/src/qf/qf_qeq.o
                0x00001ff0                QEQueue_init
 *fill*         0x0000200e        0x2 
 .text.QEQueue_post
                0x00002010       0x94 ./qpc/src/qf/qf_qeq.o
                0x00002010                QEQueue_post
 .text.QEQueue_postLIFO
                0x000020a4       0x88 ./qpc/src/qf/qf_qeq.o
                0x000020a4                QEQueue_postLIFO
 .text.QEQueue_get
                0x0000212c       0x64 ./qpc/src/qf/qf_qeq.o
                0x0000212c                QEQueue_get
 .text.QMActive_ctor
                0x00002190       0x20 ./qpc/src/qf/qf_qmact.o
                0x00002190                QMActive_ctor
 .text.QTimeEvt_ctorX
                0x000021b0       0x44 ./qpc/src/qf/qf_time.o
                0x000021b0                QTimeEvt_ctorX
 .text.QTimeEvt_armX
                0x000021f4       0x78 ./qpc/src/qf/qf_time.o
                0x000021f4                QTimeEvt_armX
 .text.QTimeEvt_disarm
                0x0000226c       0x32 ./qpc/src/qf/qf_time.o
                0x0000226c                QTimeEvt_disarm
 *fill*         0x0000229e        0x2 
 .text.QTimeEvt_rearm
                0x000022a0       0x7c ./qpc/src/qf/qf_time.o
                0x000022a0                QTimeEvt_rearm
 .text.QTimeEvt_wasDisarmed
                0x0000231c       0x28 ./qpc/src/qf/qf_time.o
                0x0000231c                QTimeEvt_wasDisarmed
 .text.QTimeEvt_currCtr
                0x00002344       0x16 ./qpc/src/qf/qf_time.o
                0x00002344                QTimeEvt_currCtr
 *fill*         0x0000235a        0x2 
 .text.QTimeEvt_tick_
                0x0000235c       0xd8 ./qpc/src/qf/qf_time.o
                0x0000235c                QTimeEvt_tick_
 .text.QTimeEvt_noActive
                0x00002434       0x4c ./qpc/src/qf/qf_time.o
                0x00002434                QTimeEvt_noActive
 .text.QXK_schedLock
                0x00002480       0x68 ./qpc/src/qxk/qxk.o
                0x00002480                QXK_schedLock
 .text.QXK_current
                0x000024e8       0x50 ./qpc/src/qxk/qxk.o
                0x000024e8                QXK_current
 .text.QXK_sched_
                0x00002538       0xc8 ./qpc/src/qxk/qxk.o
                0x00002538                QXK_sched_
 .text.QXK_activate_
                0x00002600      0x12c ./qpc/src/qxk/qxk.o
                0x00002600                QXK_activate_
 .text.QXK_schedUnlock
                0x0000272c       0x5c ./qpc/src/qxk/qxk.o
                0x0000272c                QXK_schedUnlock
 .text.QXK_contextSw_
                0x00002788        0xc ./qpc/src/qxk/qxk.o
                0x00002788                QXK_contextSw_
 .text.QXK_threadExit_
                0x00002794       0x74 ./qpc/src/qxk/qxk.o
                0x00002794                QXK_threadExit_
 .text.QF_init  0x00002808       0x50 ./qpc/src/qxk/qxk.o
                0x00002808                QF_init
 .text.QF_stop  0x00002858        0x8 ./qpc/src/qxk/qxk.o
                0x00002858                QF_stop
 .text.QF_run   0x00002860       0x38 ./qpc/src/qxk/qxk.o
                0x00002860                QF_run
 .text.QActive_start_
                0x00002898       0xec ./qpc/src/qxk/qxk.o
                0x00002898                QActive_start_
 .text.QXMutex_init
                0x00002984       0x34 ./qpc/src/qxk/qxk_mutex.o
                0x00002984                QXMutex_init
 .text.QXMutex_lock
                0x000029b8      0x1b4 ./qpc/src/qxk/qxk_mutex.o
                0x000029b8                QXMutex_lock
 .text.QXMutex_tryLock
                0x00002b6c      0x130 ./qpc/src/qxk/qxk_mutex.o
                0x00002b6c                QXMutex_tryLock
 .text.QXMutex_unlock
                0x00002c9c      0x164 ./qpc/src/qxk/qxk_mutex.o
                0x00002c9c                QXMutex_unlock
 .text.QXSemaphore_init
                0x00002e00       0x38 ./qpc/src/qxk/qxk_sema.o
                0x00002e00                QXSemaphore_init
 .text.QXSemaphore_wait
                0x00002e38       0xf4 ./qpc/src/qxk/qxk_sema.o
                0x00002e38                QXSemaphore_wait
 .text.QXSemaphore_tryWait
                0x00002f2c       0x3c ./qpc/src/qxk/qxk_sema.o
                0x00002f2c                QXSemaphore_tryWait
 .text.QXSemaphore_signal
                0x00002f68       0xa4 ./qpc/src/qxk/qxk_sema.o
                0x00002f68                QXSemaphore_signal
 .text.QXThread_ctor
                0x0000300c       0x1e ./qpc/src/qxk/qxk_xthr.o
                0x0000300c                QXThread_ctor
 *fill*         0x0000302a        0x2 
 .text.QXThread_block_
                0x0000302c       0x3c ./qpc/src/qxk/qxk_xthr.o
                0x0000302c                QXThread_block_
 .text.QXThread_unblock_
                0x00003068       0x34 ./qpc/src/qxk/qxk_xthr.o
                0x00003068                QXThread_unblock_
 .text.QXThread_timeout_
                0x0000309c        0xc ./qpc/src/qxk/qxk_xthr.o
                0x0000309c                QXThread_timeout_
 .text.QXThread_teArm_
                0x000030a8       0x68 ./qpc/src/qxk/qxk_xthr.o
                0x000030a8                QXThread_teArm_
 .text.QXThread_delay
                0x00003110       0x9c ./qpc/src/qxk/qxk_xthr.o
                0x00003110                QXThread_delay
 .text.QXThread_queueGet
                0x000031ac       0xf0 ./qpc/src/qxk/qxk_xthr.o
                0x000031ac                QXThread_queueGet
 .text.QXThread_teDisarm_
                0x0000329c       0x10 ./qpc/src/qxk/qxk_xthr.o
                0x0000329c                QXThread_teDisarm_
 .text.QXThread_delayCancel
                0x000032ac       0x38 ./qpc/src/qxk/qxk_xthr.o
                0x000032ac                QXThread_delayCancel
 *(.rodata)
 *(.rodata*)
 .rodata.Reset_Handler.str1.4
                0x000032e4       0x4c ./startup_TM4C123GH6PM.o
                                  0xe (size before relaxing)
 .rodata.NMI_Handler.str1.4
                0x00003330        0x0 ./startup_TM4C123GH6PM.o
                                  0x4 (size before relaxing)
 .rodata.HardFault_Handler.str1.4
                0x00003330        0x0 ./startup_TM4C123GH6PM.o
                                  0xa (size before relaxing)
 .rodata.MemManage_Handler.str1.4
                0x00003330        0x0 ./startup_TM4C123GH6PM.o
                                  0xa (size before relaxing)
 .rodata.BusFault_Handler.str1.4
                0x00003330        0x0 ./startup_TM4C123GH6PM.o
                                  0x9 (size before relaxing)
 .rodata.UsageFault_Handler.str1.4
                0x00003330        0x0 ./startup_TM4C123GH6PM.o
                                  0xb (size before relaxing)
 .rodata.Default_Handler.str1.4
                0x00003330        0x0 ./startup_TM4C123GH6PM.o
                                  0x8 (size before relaxing)
 .rodata.vtable.0
                0x00003330        0x8 ./qpc/src/qf/qep_hsm.o
 .rodata.QEvt_reserved_
                0x00003338       0x10 ./qpc/src/qf/qep_hsm.o
                0x00003338                QEvt_reserved_
 .rodata.QP_versionStr
                0x00003348        0x8 ./qpc/src/qf/qep_hsm.o
                0x00003348                QP_versionStr
 .rodata.Q_this_module_
                0x00003350        0x8 ./qpc/src/qf/qep_hsm.o
 .rodata.vtable.0
                0x00003358        0x8 ./qpc/src/qf/qep_msm.o
 .rodata.l_msm_top_s
                0x00003360       0x14 ./qpc/src/qf/qep_msm.o
 .rodata.Q_this_module_
                0x00003374        0x8 ./qpc/src/qf/qep_msm.o
 .rodata.tickEvt.0
                0x0000337c        0x4 ./qpc/src/qf/qf_actq.o
 .rodata.vtable.1
                0x00003380        0x8 ./qpc/src/qf/qf_actq.o
 .rodata.Q_this_module_
                0x00003388        0x8 ./qpc/src/qf/qf_actq.o
 .rodata.Q_this_module_
                0x00003390        0x9 ./qpc/src/qf/qf_defer.o
 *fill*         0x00003399        0x3 
 .rodata.Q_this_module_
                0x0000339c        0x7 ./qpc/src/qf/qf_dyn.o
 *fill*         0x000033a3        0x1 
 .rodata.Q_this_module_
                0x000033a4        0x7 ./qpc/src/qf/qf_mem.o
 *fill*         0x000033ab        0x1 
 .rodata.Q_this_module_
                0x000033ac        0x6 ./qpc/src/qf/qf_ps.o
 *fill*         0x000033b2        0x2 
 .rodata.vtable.0
                0x000033b4        0x8 ./qpc/src/qf/qf_qact.o
 .rodata.Q_this_module_
                0x000033bc        0x8 ./qpc/src/qf/qf_qact.o
 .rodata.Q_this_module_
                0x000033c4        0x7 ./qpc/src/qf/qf_qeq.o
 *fill*         0x000033cb        0x1 
 .rodata.vtable.0
                0x000033cc        0x8 ./qpc/src/qf/qf_qmact.o
 .rodata.Q_this_module_
                0x000033d4        0x8 ./qpc/src/qf/qf_time.o
 .rodata.idle_ao.0
                0x000033dc       0x28 ./qpc/src/qxk/qxk.o
 .rodata.Q_this_module_
                0x00003404        0x4 ./qpc/src/qxk/qxk.o
 .rodata.Q_this_module_
                0x00003408        0xa ./qpc/src/qxk/qxk_mutex.o
 *fill*         0x00003412        0x2 
 .rodata.Q_this_module_
                0x00003414        0x9 ./qpc/src/qxk/qxk_sema.o
 *fill*         0x0000341d        0x3 
 .rodata.Q_this_module_
                0x00003420        0x9 ./qpc/src/qxk/qxk_xthr.o
 *(.init)
 *(.fini)
                0x0000342c                        . = ALIGN (0x4)
 *fill*         0x00003429        0x3 

.glue_7         0x0000342c        0x0
 .glue_7        0x0000342c        0x0 linker stubs

.glue_7t        0x0000342c        0x0
 .glue_7t       0x0000342c        0x0 linker stubs

.vfp11_veneer   0x0000342c        0x0
 .vfp11_veneer  0x0000342c        0x0 linker stubs

.v4_bx          0x0000342c        0x0
 .v4_bx         0x0000342c        0x0 linker stubs

.iplt           0x0000342c        0x0
 .iplt          0x0000342c        0x0 ./bsp.o

.rel.dyn        0x0000342c        0x0
 .rel.iplt      0x0000342c        0x0 ./bsp.o

.preinit_array  0x0000342c        0x0
                [!provide]                        PROVIDE (__preinit_array_start = .)
 *(.preinit_array*)
                [!provide]                        PROVIDE (__preinit_array_end = .)

.init_array     0x0000342c        0x0
                [!provide]                        PROVIDE (__init_array_start = .)
 *(SORT_BY_NAME(.init_array.*))
 *(.init_array*)
                [!provide]                        PROVIDE (__init_array_end = .)

.fini_array     0x0000342c        0x0
                [!provide]                        PROVIDE (__fini_array_start = .)
 *(.fini_array*)
 *(SORT_BY_NAME(.fini_array.*))
                [!provide]                        PROVIDE (__fini_array_end = .)
                0x0000342c                        _etext = .

.stack          0x20000000      0x800
                0x20000000                        __stack_start__ = .
                0x20000800                        . = (. + STACK_SIZE)
 *fill*         0x20000000      0x800 
                0x20000800                        . = ALIGN (0x4)
                0x20000800                        __stack_end__ = .

.data           0x20000800        0x4 load address 0x0000342c
                0x0000342c                        __data_load = LOADADDR (.data)
                0x20000800                        __data_start = .
 *(.data)
 .data          0x20000800        0x0 ./bsp.o
 .data          0x20000800        0x0 ./main.o
 .data          0x20000800        0x0 ./startup_TM4C123GH6PM.o
 .data          0x20000800        0x0 ./system_TM4C123GH6PM.o
 .data          0x20000800        0x0 ./qpc/ports/arm-cm/qxk/gnu/qxk_port.o
 .data          0x20000800        0x0 ./qpc/src/qf/qep_hsm.o
 .data          0x20000800        0x0 ./qpc/src/qf/qep_msm.o
 .data          0x20000800        0x0 ./qpc/src/qf/qf_act.o
 .data          0x20000800        0x0 ./qpc/src/qf/qf_actq.o
 .data          0x20000800        0x0 ./qpc/src/qf/qf_defer.o
 .data          0x20000800        0x0 ./qpc/src/qf/qf_dyn.o
 .data          0x20000800        0x0 ./qpc/src/qf/qf_mem.o
 .data          0x20000800        0x0 ./qpc/src/qf/qf_ps.o
 .data          0x20000800        0x0 ./qpc/src/qf/qf_qact.o
 .data          0x20000800        0x0 ./qpc/src/qf/qf_qeq.o
 .data          0x20000800        0x0 ./qpc/src/qf/qf_qmact.o
 .data          0x20000800        0x0 ./qpc/src/qf/qf_time.o
 .data          0x20000800        0x0 ./qpc/src/qxk/qxk.o
 .data          0x20000800        0x0 ./qpc/src/qxk/qxk_mutex.o
 .data          0x20000800        0x0 ./qpc/src/qxk/qxk_sema.o
 .data          0x20000800        0x0 ./qpc/src/qxk/qxk_xthr.o
 *(.data*)
 .data.SystemCoreClock
                0x20000800        0x4 ./system_TM4C123GH6PM.o
                0x20000800                SystemCoreClock
                0x20000804                        . = ALIGN (0x4)
                0x20000804                        __data_end__ = .
                0x20000804                        _edata = __data_end__

.igot.plt       0x20000804        0x0 load address 0x00003430
 .igot.plt      0x20000804        0x0 ./bsp.o

.bss            0x20000804      0x3b4 load address 0x00003430
                0x20000804                        __bss_start__ = .
 *(.bss)
 .bss           0x20000804        0x0 ./bsp.o
 .bss           0x20000804        0x0 ./main.o
 .bss           0x20000804        0x0 ./startup_TM4C123GH6PM.o
 .bss           0x20000804        0x0 ./system_TM4C123GH6PM.o
 .bss           0x20000804        0x0 ./qpc/ports/arm-cm/qxk/gnu/qxk_port.o
 .bss           0x20000804        0x0 ./qpc/src/qf/qep_hsm.o
 .bss           0x20000804        0x0 ./qpc/src/qf/qep_msm.o
 .bss           0x20000804        0x0 ./qpc/src/qf/qf_act.o
 .bss           0x20000804        0x0 ./qpc/src/qf/qf_actq.o
 .bss           0x20000804        0x0 ./qpc/src/qf/qf_defer.o
 .bss           0x20000804        0x0 ./qpc/src/qf/qf_dyn.o
 .bss           0x20000804        0x0 ./qpc/src/qf/qf_mem.o
 .bss           0x20000804        0x0 ./qpc/src/qf/qf_ps.o
 .bss           0x20000804        0x0 ./qpc/src/qf/qf_qact.o
 .bss           0x20000804        0x0 ./qpc/src/qf/qf_qeq.o
 .bss           0x20000804        0x0 ./qpc/src/qf/qf_qmact.o
 .bss           0x20000804        0x0 ./qpc/src/qf/qf_time.o
 .bss           0x20000804        0x0 ./qpc/src/qxk/qxk.o
 .bss           0x20000804        0x0 ./qpc/src/qxk/qxk_mutex.o
 .bss           0x20000804        0x0 ./qpc/src/qxk/qxk_sema.o
 .bss           0x20000804        0x0 ./qpc/src/qxk/qxk_xthr.o
 *(.bss*)
 .bss.l_tickCtr
                0x20000804        0x4 ./bsp.o
 .bss.blinky3   0x20000808       0x3c ./main.o
                0x20000808                blinky3
 .bss.stack_blinky3
                0x20000844       0xa0 ./main.o
                0x20000844                stack_blinky3
 .bss.blinky2   0x200008e4       0x3c ./main.o
                0x200008e4                blinky2
 .bss.stack_blinky2
                0x20000920       0xa0 ./main.o
                0x20000920                stack_blinky2
 .bss.blinky1   0x200009c0       0x3c ./main.o
                0x200009c0                blinky1
 .bss.stack_blinky1
                0x200009fc       0xa0 ./main.o
                0x200009fc                stack_blinky1
 .bss.SW1_sema  0x20000a9c        0x8 ./main.o
                0x20000a9c                SW1_sema
 .bss.QF_priv_  0x20000aa4       0x40 ./qpc/src/qf/qf_act.o
                0x20000aa4                QF_priv_
 .bss.QActive_registry_
                0x20000ae4       0x84 ./qpc/src/qf/qf_act.o
                0x20000ae4                QActive_registry_
 .bss.QActive_maxPubSignal_
                0x20000b68        0x4 ./qpc/src/qf/qf_ps.o
                0x20000b68                QActive_maxPubSignal_
 .bss.QActive_subscrList_
                0x20000b6c        0x4 ./qpc/src/qf/qf_ps.o
                0x20000b6c                QActive_subscrList_
 .bss.QEQueue_dummy
                0x20000b70       0x10 ./qpc/src/qf/qf_qeq.o
                0x20000b70                QEQueue_dummy
 .bss.QTimeEvt_timeEvtHead_
                0x20000b80       0x14 ./qpc/src/qf/qf_time.o
                0x20000b80                QTimeEvt_timeEvtHead_
 .bss.QXK_priv_
                0x20000b94       0x20 ./qpc/src/qxk/qxk.o
                0x20000b94                QXK_priv_
 .bss.QXThread_dummy
                0x20000bb4        0x4 ./qpc/src/qxk/qxk_xthr.o
                0x20000bb4                QXThread_dummy
 *(COMMON)
                0x20000bb8                        . = ALIGN (0x4)
                0x20000bb8                        _ebss = .
                0x20000bb8                        __bss_end__ = .
                0x20000bb8                        __exidx_start = .

.ARM.exidx
 *(.ARM.exidx* .gnu.linkonce.armexidx.*)
                0x20000bb8                        __exidx_end = .
                [!provide]                        PROVIDE (end = _ebss)
                [!provide]                        PROVIDE (_end = _ebss)
                [!provide]                        PROVIDE (__end__ = _ebss)

.heap           0x20000bb8        0x0
                0x20000bb8                        __heap_start__ = .
                0x20000bb8                        . = (. + HEAP_SIZE)
                0x20000bb8                        . = ALIGN (0x4)
                0x20000bb8                        __heap_end__ = .

/DISCARD/
 libc.a(*)
 libm.a(*)
 libgcc.a(*)
START GROUP
LOAD C:/Users/huido/local_development/tmp/0918/bin/../lib/gcc/arm-none-eabi/15.3.1/thumb/v7e-m/nofp\libgcc.a
LOAD C:/Users/huido/local_development/tmp/0918/bin/../lib/gcc/arm-none-eabi/15.3.1/../../../../arm-none-eabi/lib/thumb/v7e-m/nofp\libg.a
LOAD C:/Users/huido/local_development/tmp/0918/bin/../lib/gcc/arm-none-eabi/15.3.1/../../../../arm-none-eabi/lib/thumb/v7e-m/nofp\libc.a
END GROUP
START GROUP
LOAD C:/Users/huido/local_development/tmp/0918/bin/../lib/gcc/arm-none-eabi/15.3.1/thumb/v7e-m/nofp\libgcc.a
LOAD C:/Users/huido/local_development/tmp/0918/bin/../lib/gcc/arm-none-eabi/15.3.1/../../../../arm-none-eabi/lib/thumb/v7e-m/nofp\libc.a
LOAD C:/Users/huido/local_development/tmp/0918/bin/../lib/gcc/arm-none-eabi/15.3.1/../../../../arm-none-eabi/lib/thumb/v7e-m/nofp\libnosys.a
END GROUP
OUTPUT(lesson_27_qxk_semaphore.out elf32-littlearm)
LOAD linker stubs
LOAD C:/Users/huido/local_development/tmp/0918/bin/../lib/gcc/arm-none-eabi/15.3.1/../../../../arm-none-eabi/lib/thumb/v7e-m/nofp\libc.a
LOAD C:/Users/huido/local_development/tmp/0918/bin/../lib/gcc/arm-none-eabi/15.3.1/../../../../arm-none-eabi/lib/thumb/v7e-m/nofp\libm.a
LOAD C:/Users/huido/local_development/tmp/0918/bin/../lib/gcc/arm-none-eabi/15.3.1/thumb/v7e-m/nofp\libgcc.a

.debug_info     0x00000000     0xddb8
 .debug_info    0x00000000     0x179a ./bsp.o
 .debug_info    0x0000179a      0x960 ./main.o
 .debug_info    0x000020fa      0x204 ./startup_TM4C123GH6PM.o
 .debug_info    0x000022fe      0xf23 ./system_TM4C123GH6PM.o
 .debug_info    0x00003221      0x713 ./qpc/ports/arm-cm/qxk/gnu/qxk_port.o
 .debug_info    0x00003934      0xb02 ./qpc/src/qf/qep_hsm.o
 .debug_info    0x00004436      0xb1d ./qpc/src/qf/qep_msm.o
 .debug_info    0x00004f53      0x7d3 ./qpc/src/qf/qf_act.o
 .debug_info    0x00005726      0xe21 ./qpc/src/qf/qf_actq.o
 .debug_info    0x00006547      0x8b2 ./qpc/src/qf/qf_defer.o
 .debug_info    0x00006df9      0x70f ./qpc/src/qf/qf_dyn.o
 .debug_info    0x00007508      0x3ef ./qpc/src/qf/qf_mem.o
 .debug_info    0x000078f7      0xe31 ./qpc/src/qf/qf_ps.o
 .debug_info    0x00008728      0x830 ./qpc/src/qf/qf_qact.o
 .debug_info    0x00008f58      0x4f8 ./qpc/src/qf/qf_qeq.o
 .debug_info    0x00009450      0x72f ./qpc/src/qf/qf_qmact.o
 .debug_info    0x00009b7f      0xab8 ./qpc/src/qf/qf_time.o
 .debug_info    0x0000a637     0x1059 ./qpc/src/qxk/qxk.o
 .debug_info    0x0000b690      0xde2 ./qpc/src/qxk/qxk_mutex.o
 .debug_info    0x0000c472      0xcb3 ./qpc/src/qxk/qxk_sema.o
 .debug_info    0x0000d125      0xc93 ./qpc/src/qxk/qxk_xthr.o

.debug_abbrev   0x00000000     0x3766
 .debug_abbrev  0x00000000      0x2a4 ./bsp.o
 .debug_abbrev  0x000002a4      0x293 ./main.o
 .debug_abbrev  0x00000537      0x11d ./startup_TM4C123GH6PM.o
 .debug_abbrev  0x00000654      0x182 ./system_TM4C123GH6PM.o
 .debug_abbrev  0x000007d6      0x1ff ./qpc/ports/arm-cm/qxk/gnu/qxk_port.o
 .debug_abbrev  0x000009d5      0x2ff ./qpc/src/qf/qep_hsm.o
 .debug_abbrev  0x00000cd4      0x314 ./qpc/src/qf/qep_msm.o
 .debug_abbrev  0x00000fe8      0x1f1 ./qpc/src/qf/qf_act.o
 .debug_abbrev  0x000011d9      0x3e9 ./qpc/src/qf/qf_actq.o
 .debug_abbrev  0x000015c2      0x261 ./qpc/src/qf/qf_defer.o
 .debug_abbrev  0x00001823      0x2bd ./qpc/src/qf/qf_dyn.o
 .debug_abbrev  0x00001ae0      0x17d ./qpc/src/qf/qf_mem.o
 .debug_abbrev  0x00001c5d      0x3b6 ./qpc/src/qf/qf_ps.o
 .debug_abbrev  0x00002013      0x21a ./qpc/src/qf/qf_qact.o
 .debug_abbrev  0x0000222d      0x1e7 ./qpc/src/qf/qf_qeq.o
 .debug_abbrev  0x00002414      0x1ce ./qpc/src/qf/qf_qmact.o
 .debug_abbrev  0x000025e2      0x317 ./qpc/src/qf/qf_time.o
 .debug_abbrev  0x000028f9      0x3f2 ./qpc/src/qxk/qxk.o
 .debug_abbrev  0x00002ceb      0x39f ./qpc/src/qxk/qxk_mutex.o
 .debug_abbrev  0x0000308a      0x32b ./qpc/src/qxk/qxk_sema.o
 .debug_abbrev  0x000033b5      0x3b1 ./qpc/src/qxk/qxk_xthr.o

.debug_loc      0x00000000     0x3909
 .debug_loc     0x00000000       0x39 ./bsp.o
 .debug_loc     0x00000039       0x39 ./main.o
 .debug_loc     0x00000072       0x47 ./startup_TM4C123GH6PM.o
 .debug_loc     0x000000b9      0x1ba ./system_TM4C123GH6PM.o
 .debug_loc     0x00000273       0x6b ./qpc/ports/arm-cm/qxk/gnu/qxk_port.o
 .debug_loc     0x000002de      0x654 ./qpc/src/qf/qep_hsm.o
 .debug_loc     0x00000932      0x5f7 ./qpc/src/qf/qep_msm.o
 .debug_loc     0x00000f29       0x26 ./qpc/src/qf/qf_act.o
 .debug_loc     0x00000f4f      0x512 ./qpc/src/qf/qf_actq.o
 .debug_loc     0x00001461      0x18e ./qpc/src/qf/qf_defer.o
 .debug_loc     0x000015ef      0x419 ./qpc/src/qf/qf_dyn.o
 .debug_loc     0x00001a08      0x2d7 ./qpc/src/qf/qf_mem.o
 .debug_loc     0x00001cdf      0x47b ./qpc/src/qf/qf_ps.o
 .debug_loc     0x0000215a      0x150 ./qpc/src/qf/qf_qact.o
 .debug_loc     0x000022aa      0x2c0 ./qpc/src/qf/qf_qeq.o
 .debug_loc     0x0000256a       0x3c ./qpc/src/qf/qf_qmact.o
 .debug_loc     0x000025a6      0x3b9 ./qpc/src/qf/qf_time.o
 .debug_loc     0x0000295f      0x544 ./qpc/src/qxk/qxk.o
 .debug_loc     0x00002ea3      0x40c ./qpc/src/qxk/qxk_mutex.o
 .debug_loc     0x000032af      0x31a ./qpc/src/qxk/qxk_sema.o
 .debug_loc     0x000035c9      0x340 ./qpc/src/qxk/qxk_xthr.o

.debug_aranges  0x00000000      0x5b0
 .debug_aranges
                0x00000000       0x88 ./bsp.o
 .debug_aranges
                0x00000088       0x38 ./main.o
 .debug_aranges
                0x000000c0       0x50 ./startup_TM4C123GH6PM.o
 .debug_aranges
                0x00000110       0x30 ./system_TM4C123GH6PM.o
 .debug_aranges
                0x00000140       0x40 ./qpc/ports/arm-cm/qxk/gnu/qxk_port.o
 .debug_aranges
                0x00000180       0x50 ./qpc/src/qf/qep_hsm.o
 .debug_aranges
                0x000001d0       0x58 ./qpc/src/qf/qep_msm.o
 .debug_aranges
                0x00000228       0x20 ./qpc/src/qf/qf_act.o
 .debug_aranges
                0x00000248       0x58 ./qpc/src/qf/qf_actq.o
 .debug_aranges
                0x000002a0       0x30 ./qpc/src/qf/qf_defer.o
 .debug_aranges
                0x000002d0       0x50 ./qpc/src/qf/qf_dyn.o
 .debug_aranges
                0x00000320       0x30 ./qpc/src/qf/qf_mem.o
 .debug_aranges
                0x00000350       0x40 ./qpc/src/qf/qf_ps.o
 .debug_aranges
                0x00000390       0x30 ./qpc/src/qf/qf_qact.o
 .debug_aranges
                0x000003c0       0x38 ./qpc/src/qf/qf_qeq.o
 .debug_aranges
                0x000003f8       0x20 ./qpc/src/qf/qf_qmact.o
 .debug_aranges
                0x00000418       0x58 ./qpc/src/qf/qf_time.o
 .debug_aranges
                0x00000470       0x70 ./qpc/src/qxk/qxk.o
 .debug_aranges
                0x000004e0       0x38 ./qpc/src/qxk/qxk_mutex.o
 .debug_aranges
                0x00000518       0x38 ./qpc/src/qxk/qxk_sema.o
 .debug_aranges
                0x00000550       0x60 ./qpc/src/qxk/qxk_xthr.o

.debug_ranges   0x00000000      0x6b0
 .debug_ranges  0x00000000       0x78 ./bsp.o
 .debug_ranges  0x00000078       0x40 ./main.o
 .debug_ranges  0x000000b8       0x40 ./startup_TM4C123GH6PM.o
 .debug_ranges  0x000000f8       0x20 ./system_TM4C123GH6PM.o
 .debug_ranges  0x00000118       0x30 ./qpc/ports/arm-cm/qxk/gnu/qxk_port.o
 .debug_ranges  0x00000148       0x70 ./qpc/src/qf/qep_hsm.o
 .debug_ranges  0x000001b8       0xa0 ./qpc/src/qf/qep_msm.o
 .debug_ranges  0x00000258       0x10 ./qpc/src/qf/qf_act.o
 .debug_ranges  0x00000268       0x60 ./qpc/src/qf/qf_actq.o
 .debug_ranges  0x000002c8       0x38 ./qpc/src/qf/qf_defer.o
 .debug_ranges  0x00000300       0x40 ./qpc/src/qf/qf_dyn.o
 .debug_ranges  0x00000340       0x50 ./qpc/src/qf/qf_mem.o
 .debug_ranges  0x00000390       0x80 ./qpc/src/qf/qf_ps.o
 .debug_ranges  0x00000410       0x20 ./qpc/src/qf/qf_qact.o
 .debug_ranges  0x00000430       0x40 ./qpc/src/qf/qf_qeq.o
 .debug_ranges  0x00000470       0x10 ./qpc/src/qf/qf_qmact.o
 .debug_ranges  0x00000480       0x60 ./qpc/src/qf/qf_time.o
 .debug_ranges  0x000004e0       0x90 ./qpc/src/qxk/qxk.o
 .debug_ranges  0x00000570       0x68 ./qpc/src/qxk/qxk_mutex.o
 .debug_ranges  0x000005d8       0x58 ./qpc/src/qxk/qxk_sema.o
 .debug_ranges  0x00000630       0x80 ./qpc/src/qxk/qxk_xthr.o

.debug_line     0x00000000     0x6244
 .debug_line    0x00000000      0x4ff ./bsp.o
 .debug_line    0x000004ff      0x252 ./main.o
 .debug_line    0x00000751      0x12d ./startup_TM4C123GH6PM.o
 .debug_line    0x0000087e      0x3e5 ./system_TM4C123GH6PM.o
 .debug_line    0x00000c63      0x362 ./qpc/ports/arm-cm/qxk/gnu/qxk_port.o
 .debug_line    0x00000fc5      0x759 ./qpc/src/qf/qep_hsm.o
 .debug_line    0x0000171e      0x66a ./qpc/src/qf/qep_msm.o
 .debug_line    0x00001d88      0x202 ./qpc/src/qf/qf_act.o
 .debug_line    0x00001f8a      0x764 ./qpc/src/qf/qf_actq.o
 .debug_line    0x000026ee      0x2b4 ./qpc/src/qf/qf_defer.o
 .debug_line    0x000029a2      0x437 ./qpc/src/qf/qf_dyn.o
 .debug_line    0x00002dd9      0x3c2 ./qpc/src/qf/qf_mem.o
 .debug_line    0x0000319b      0x5ed ./qpc/src/qf/qf_ps.o
 .debug_line    0x00003788      0x2dd ./qpc/src/qf/qf_qact.o
 .debug_line    0x00003a65      0x472 ./qpc/src/qf/qf_qeq.o
 .debug_line    0x00003ed7      0x1e4 ./qpc/src/qf/qf_qmact.o
 .debug_line    0x000040bb      0x588 ./qpc/src/qf/qf_time.o
 .debug_line    0x00004643      0x8a0 ./qpc/src/qxk/qxk.o
 .debug_line    0x00004ee3      0x821 ./qpc/src/qxk/qxk_mutex.o
 .debug_line    0x00005704      0x56c ./qpc/src/qxk/qxk_sema.o
 .debug_line    0x00005c70      0x5d4 ./qpc/src/qxk/qxk_xthr.o

.debug_str      0x00000000     0x1d36
 .debug_str     0x00000000     0x1d36 ./bsp.o
                                0xeaa (size before relaxing)
 .debug_str     0x00001d36        0x0 ./main.o
                                0x5fa (size before relaxing)
 .debug_str     0x00001d36        0x0 ./startup_TM4C123GH6PM.o
                                0x249 (size before relaxing)
 .debug_str     0x00001d36        0x0 ./system_TM4C123GH6PM.o
                                0x82e (size before relaxing)
 .debug_str     0x00001d36        0x0 ./qpc/ports/arm-cm/qxk/gnu/qxk_port.o
                                0x517 (size before relaxing)
 .debug_str     0x00001d36        0x0 ./qpc/src/qf/qep_hsm.o
                                0x5c2 (size before relaxing)
 .debug_str     0x00001d36        0x0 ./qpc/src/qf/qep_msm.o
                                0x5a9 (size before relaxing)
 .debug_str     0x00001d36        0x0 ./qpc/src/qf/qf_act.o
                                0x510 (size before relaxing)
 .debug_str     0x00001d36        0x0 ./qpc/src/qf/qf_actq.o
                                0x68e (size before relaxing)
 .debug_str     0x00001d36        0x0 ./qpc/src/qf/qf_defer.o
                                0x549 (size before relaxing)
 .debug_str     0x00001d36        0x0 ./qpc/src/qf/qf_dyn.o
                                0x41c (size before relaxing)
 .debug_str     0x00001d36        0x0 ./qpc/src/qf/qf_mem.o
                                0x332 (size before relaxing)
 .debug_str     0x00001d36        0x0 ./qpc/src/qf/qf_ps.o
                                0x6e7 (size before relaxing)
 .debug_str     0x00001d36        0x0 ./qpc/src/qf/qf_qact.o
                                0x548 (size before relaxing)
 .debug_str     0x00001d36        0x0 ./qpc/src/qf/qf_qeq.o
                                0x333 (size before relaxing)
 .debug_str     0x00001d36        0x0 ./qpc/src/qf/qf_qmact.o
                                0x4df (size before relaxing)
 .debug_str     0x00001d36        0x0 ./qpc/src/qf/qf_time.o
                                0x5fd (size before relaxing)
 .debug_str     0x00001d36        0x0 ./qpc/src/qxk/qxk.o
                                0x789 (size before relaxing)
 .debug_str     0x00001d36        0x0 ./qpc/src/qxk/qxk_mutex.o
                                0x666 (size before relaxing)
 .debug_str     0x00001d36        0x0 ./qpc/src/qxk/qxk_sema.o
                                0x66d (size before relaxing)
 .debug_str     0x00001d36        0x0 ./qpc/src/qxk/qxk_xthr.o
                                0x687 (size before relaxing)

.comment        0x00000000       0x46
 .comment       0x00000000       0x46 ./bsp.o
                                 0x47 (size before relaxing)
 .comment       0x00000046        0x0 ./main.o
                                 0x47 (size before relaxing)
 .comment       0x00000046        0x0 ./startup_TM4C123GH6PM.o
                                 0x47 (size before relaxing)
 .comment       0x00000046        0x0 ./system_TM4C123GH6PM.o
                                 0x47 (size before relaxing)
 .comment       0x00000046        0x0 ./qpc/ports/arm-cm/qxk/gnu/qxk_port.o
                                 0x47 (size before relaxing)
 .comment       0x00000046        0x0 ./qpc/src/qf/qep_hsm.o
                                 0x47 (size before relaxing)
 .comment       0x00000046        0x0 ./qpc/src/qf/qep_msm.o
                                 0x47 (size before relaxing)
 .comment       0x00000046        0x0 ./qpc/src/qf/qf_act.o
                                 0x47 (size before relaxing)
 .comment       0x00000046        0x0 ./qpc/src/qf/qf_actq.o
                                 0x47 (size before relaxing)
 .comment       0x00000046        0x0 ./qpc/src/qf/qf_defer.o
                                 0x47 (size before relaxing)
 .comment       0x00000046        0x0 ./qpc/src/qf/qf_dyn.o
                                 0x47 (size before relaxing)
 .comment       0x00000046        0x0 ./qpc/src/qf/qf_mem.o
                                 0x47 (size before relaxing)
 .comment       0x00000046        0x0 ./qpc/src/qf/qf_ps.o
                                 0x47 (size before relaxing)
 .comment       0x00000046        0x0 ./qpc/src/qf/qf_qact.o
                                 0x47 (size before relaxing)
 .comment       0x00000046        0x0 ./qpc/src/qf/qf_qeq.o
                                 0x47 (size before relaxing)
 .comment       0x00000046        0x0 ./qpc/src/qf/qf_qmact.o
                                 0x47 (size before relaxing)
 .comment       0x00000046        0x0 ./qpc/src/qf/qf_time.o
                                 0x47 (size before relaxing)
 .comment       0x00000046        0x0 ./qpc/src/qxk/qxk.o
                                 0x47 (size before relaxing)
 .comment       0x00000046        0x0 ./qpc/src/qxk/qxk_mutex.o
                                 0x47 (size before relaxing)
 .comment       0x00000046        0x0 ./qpc/src/qxk/qxk_sema.o
                                 0x47 (size before relaxing)
 .comment       0x00000046        0x0 ./qpc/src/qxk/qxk_xthr.o
                                 0x47 (size before relaxing)

.ARM.attributes
                0x00000000       0x34
 .ARM.attributes
                0x00000000       0x34 ./bsp.o
 .ARM.attributes
                0x00000034       0x34 ./main.o
 .ARM.attributes
                0x00000068       0x34 ./startup_TM4C123GH6PM.o
 .ARM.attributes
                0x0000009c       0x34 ./system_TM4C123GH6PM.o
 .ARM.attributes
                0x000000d0       0x34 ./qpc/ports/arm-cm/qxk/gnu/qxk_port.o
 .ARM.attributes
                0x00000104       0x34 ./qpc/src/qf/qep_hsm.o
 .ARM.attributes
                0x00000138       0x34 ./qpc/src/qf/qep_msm.o
 .ARM.attributes
                0x0000016c       0x34 ./qpc/src/qf/qf_act.o
 .ARM.attributes
                0x000001a0       0x34 ./qpc/src/qf/qf_actq.o
 .ARM.attributes
                0x000001d4       0x34 ./qpc/src/qf/qf_defer.o
 .ARM.attributes
                0x00000208       0x34 ./qpc/src/qf/qf_dyn.o
 .ARM.attributes
                0x0000023c       0x34 ./qpc/src/qf/qf_mem.o
 .ARM.attributes
                0x00000270       0x34 ./qpc/src/qf/qf_ps.o
 .ARM.attributes
                0x000002a4       0x34 ./qpc/src/qf/qf_qact.o
 .ARM.attributes
                0x000002d8       0x34 ./qpc/src/qf/qf_qeq.o
 .ARM.attributes
                0x0000030c       0x34 ./qpc/src/qf/qf_qmact.o
 .ARM.attributes
                0x00000340       0x34 ./qpc/src/qf/qf_time.o
 .ARM.attributes
                0x00000374       0x34 ./qpc/src/qxk/qxk.o
 .ARM.attributes
                0x000003a8       0x34 ./qpc/src/qxk/qxk_mutex.o
 .ARM.attributes
                0x000003dc       0x34 ./qpc/src/qxk/qxk_sema.o
 .ARM.attributes
                0x00000410       0x34 ./qpc/src/qxk/qxk_xthr.o

.debug_frame    0x00000000      0xc3c
 .debug_frame   0x00000000      0x110 ./bsp.o
 .debug_frame   0x00000110       0x7c ./main.o
 .debug_frame   0x0000018c       0x80 ./startup_TM4C123GH6PM.o
 .debug_frame   0x0000020c       0x54 ./system_TM4C123GH6PM.o
 .debug_frame   0x00000260       0x60 ./qpc/ports/arm-cm/qxk/gnu/qxk_port.o
 .debug_frame   0x000002c0       0xdc ./qpc/src/qf/qep_hsm.o
 .debug_frame   0x0000039c       0xec ./qpc/src/qf/qep_msm.o
 .debug_frame   0x00000488       0x20 ./qpc/src/qf/qf_act.o
 .debug_frame   0x000004a8       0xd8 ./qpc/src/qf/qf_actq.o
 .debug_frame   0x00000580       0x60 ./qpc/src/qf/qf_defer.o
 .debug_frame   0x000005e0       0xb4 ./qpc/src/qf/qf_dyn.o
 .debug_frame   0x00000694       0x60 ./qpc/src/qf/qf_mem.o
 .debug_frame   0x000006f4       0x8c ./qpc/src/qf/qf_ps.o
 .debug_frame   0x00000780       0x5c ./qpc/src/qf/qf_qact.o
 .debug_frame   0x000007dc       0x68 ./qpc/src/qf/qf_qeq.o
 .debug_frame   0x00000844       0x2c ./qpc/src/qf/qf_qmact.o
 .debug_frame   0x00000870       0xbc ./qpc/src/qf/qf_time.o
 .debug_frame   0x0000092c      0x124 ./qpc/src/qxk/qxk.o
 .debug_frame   0x00000a50       0x80 ./qpc/src/qxk/qxk_mutex.o
 .debug_frame   0x00000ad0       0x7c ./qpc/src/qxk/qxk_sema.o
 .debug_frame   0x00000b4c       0xf0 ./qpc/src/qxk/qxk_xthr.o
