
There are no discarded input sections

Memory Configuration

Name             Origin             Length             Attributes
ROM              0x00000000         0x00040000         xr
RAM              0x20000000         0x00008000         xrw
*default*        0x00000000         0xffffffff

Linker script and memory map

LOAD ./bsp.o
LOAD ./main.o
LOAD ./startup_TM4C123GH6PM.o
LOAD ./system_TM4C123GH6PM.o
LOAD ./qpc/ports/arm-cm/qxk/gnu/qxk_port.o
LOAD ./qpc/src/qf/qep_hsm.o
LOAD ./qpc/src/qf/qep_msm.o
LOAD ./qpc/src/qf/qf_act.o
LOAD ./qpc/src/qf/qf_actq.o
LOAD ./qpc/src/qf/qf_defer.o
LOAD ./qpc/src/qf/qf_dyn.o
LOAD ./qpc/src/qf/qf_mem.o
LOAD ./qpc/src/qf/qf_ps.o
LOAD ./qpc/src/qf/qf_qact.o
LOAD ./qpc/src/qf/qf_qeq.o
LOAD ./qpc/src/qf/qf_qmact.o
LOAD ./qpc/src/qf/qf_time.o
LOAD ./qpc/src/qxk/qxk.o
LOAD ./qpc/src/qxk/qxk_mutex.o
LOAD ./qpc/src/qxk/qxk_sema.o
LOAD ./qpc/src/qxk/qxk_xthr.o
                0x00000800                        STACK_SIZE = 0x800
                0x00000000                        HEAP_SIZE = 0x0

.isr_vector     0x00000000      0x36c
 *(.isr_vector)
 .isr_vector    0x00000000      0x36c ./startup_TM4C123GH6PM.o
                0x00000000                g_pfnVectors
                0x0000036c                        . = ALIGN (0x4)

.text           0x0000036c     0x30e0
                0x0000036c                        . = ALIGN (0x4)
 *(.text)
 .text          0x0000036c        0x0 ./bsp.o
 .text          0x0000036c        0x0 ./main.o
 .text          0x0000036c        0x0 ./startup_TM4C123GH6PM.o
 .text          0x0000036c        0x0 ./system_TM4C123GH6PM.o
 .text          0x0000036c        0x0 ./qpc/ports/arm-cm/qxk/gnu/qxk_port.o
 .text          0x0000036c        0x0 ./qpc/src/qf/qep_hsm.o
 .text          0x0000036c        0x0 ./qpc/src/qf/qep_msm.o
 .text          0x0000036c        0x0 ./qpc/src/qf/qf_act.o
 .text          0x0000036c        0x0 ./qpc/src/qf/qf_actq.o
 .text          0x0000036c        0x0 ./qpc/src/qf/qf_defer.o
 .text          0x0000036c        0x0 ./qpc/src/qf/qf_dyn.o
 .text          0x0000036c        0x0 ./qpc/src/qf/qf_mem.o
 .text          0x0000036c        0x0 ./qpc/src/qf/qf_ps.o
 .text          0x0000036c        0x0 ./qpc/src/qf/qf_qact.o
 .text          0x0000036c        0x0 ./qpc/src/qf/qf_qeq.o
 .text          0x0000036c        0x0 ./qpc/src/qf/qf_qmact.o
 .text          0x0000036c        0x0 ./qpc/src/qf/qf_time.o
 .text          0x0000036c        0x0 ./qpc/src/qxk/qxk.o
 .text          0x0000036c        0x0 ./qpc/src/qxk/qxk_mutex.o
 .text          0x0000036c        0x0 ./qpc/src/qxk/qxk_sema.o
 .text          0x0000036c        0x0 ./qpc/src/qxk/qxk_xthr.o
 *(.text*)
 .text.SysTick_Handler
                0x0000036c       0x32 ./bsp.o
                0x0000036c                SysTick_Handler
 *fill*         0x0000039e        0x2 
 .text.GPIOPortF_IRQHandler
                0x000003a0       0x50 ./bsp.o
                0x000003a0                GPIOPortF_IRQHandler
 .text.BSP_init
                0x000003f0       0x8c ./bsp.o
                0x000003f0                BSP_init
 .text.BSP_ledRedOn
                0x0000047c        0xc ./bsp.o
                0x0000047c                BSP_ledRedOn
 .text.BSP_ledRedOff
                0x00000488        0xc ./bsp.o
                0x00000488                BSP_ledRedOff
 .text.BSP_ledBlueOn
                0x00000494        0xc ./bsp.o
                0x00000494                BSP_ledBlueOn
 .text.BSP_ledBlueOff
                0x000004a0        0xc ./bsp.o
                0x000004a0                BSP_ledBlueOff
 .text.BSP_ledGreenOn
                0x000004ac        0xc ./bsp.o
                0x000004ac                BSP_ledGreenOn
 .text.BSP_ledGreenOff
                0x000004b8        0xc ./bsp.o
                0x000004b8                BSP_ledGreenOff
 .text.QF_onStartup
                0x000004c4       0x58 ./bsp.o
                0x000004c4                QF_onStartup
 .text.QF_onCleanup
                0x0000051c        0x2 ./bsp.o
                0x0000051c                QF_onCleanup
 *fill*         0x0000051e        0x2 
 .text.QXK_onIdle
                0x00000520       0x44 ./bsp.o
                0x00000520                QXK_onIdle
 .text.Q_onError
                0x00000564        0xc ./bsp.o
                0x00000564                Q_onError
 .text.assert_failed
                0x00000570        0x6 ./bsp.o
                0x00000570                assert_failed
 .text.main_blinky1
                0x00000576       0x1c ./main.o
                0x00000576                main_blinky1
 *fill*         0x00000592        0x2 
 .text.main_blinky2
                0x00000594       0x20 ./main.o
                0x00000594                main_blinky2
 .text.main_blinky3
                0x000005b4       0x1c ./main.o
                0x000005b4                main_blinky3
 .text.main     0x000005d0       0x80 ./main.o
                0x000005d0                main
 .text.Reset_Handler
                0x00000650       0x6c ./startup_TM4C123GH6PM.o
                0x00000650                Reset_Handler
 .text.NMI_Handler
                0x000006bc       0x18 ./startup_TM4C123GH6PM.o
 .text.HardFault_Handler
                0x000006d4       0x18 ./startup_TM4C123GH6PM.o
                0x000006d4                HardFault_Handler
 .text.MemManage_Handler
                0x000006ec       0x18 ./startup_TM4C123GH6PM.o
                0x000006ec                MemManage_Handler
 .text.BusFault_Handler
                0x00000704       0x18 ./startup_TM4C123GH6PM.o
                0x00000704                BusFault_Handler
 .text.UsageFault_Handler
                0x0000071c       0x18 ./startup_TM4C123GH6PM.o
                0x0000071c                UsageFault_Handler
 .text.Default_Handler
                0x00000734       0x18 ./startup_TM4C123GH6PM.o
                0x00000734                uDMAST_IRQHandler
                0x00000734                GPIOPortP4_IRQHandler
                0x00000734                PWM1Gen3_IRQHandler
                0x00000734                WideTimer5B_IRQHandler
                0x00000734                DebugMon_Handler
                0x00000734                QEI2_IRQHandler
                0x00000734                FlashCtrl_IRQHandler
                0x00000734                GPIOPortP7_IRQHandler
                0x00000734                Timer0B_IRQHandler
                0x00000734                I2C0_IRQHandler
                0x00000734                WideTimer4B_IRQHandler
                0x00000734                I2C1_IRQHandler
                0x00000734                GPIOPortP5_IRQHandler
                0x00000734                PWMGen0_IRQHandler
                0x00000734                UART1_IRQHandler
                0x00000734                CAN1_IRQHandler
                0x00000734                Timer1B_IRQHandler
                0x00000734                Watchdog_IRQHandler
                0x00000734                GPIOPortS_IRQHandler
                0x00000734                GPIOPortQ7_IRQHandler
                0x00000734                PWM1Gen2_IRQHandler
                0x00000734                UART0_IRQHandler
                0x00000734                GPIOPortL_IRQHandler
                0x00000734                SSI0_IRQHandler
                0x00000734                GPIOPortM_IRQHandler
                0x00000734                FPU_IRQHandler
                0x00000734                ADCSeq1_IRQHandler
                0x00000734                GPIOPortP0_IRQHandler
                0x00000734                WideTimer0B_IRQHandler
                0x00000734                PWMFault_IRQHandler
                0x00000734                WideTimer1A_IRQHandler
                0x00000734                I2C4_IRQHandler
                0x00000734                I2C5_IRQHandler
                0x00000734                GPIOPortQ5_IRQHandler
                0x00000734                PWMGen1_IRQHandler
                0x00000734                SSI1_IRQHandler
                0x00000734                I2C2_IRQHandler
                0x00000734                GPIOPortC_IRQHandler
                0x00000734                UART5_IRQHandler
                0x00000734                GPIOPortK_IRQHandler
                0x00000734                ADCSeq2_IRQHandler
                0x00000734                PWMGen2_IRQHandler
                0x00000734                UART2_IRQHandler
                0x00000734                GPIOPortP3_IRQHandler
                0x00000734                ADC1Seq0_IRQHandler
                0x00000734                UART4_IRQHandler
                0x00000734                GPIOPortJ_IRQHandler
                0x00000734                Default_Handler
                0x00000734                WideTimer0A_IRQHandler
                0x00000734                Timer5A_IRQHandler
                0x00000734                WideTimer3B_IRQHandler
                0x00000734                WideTimer2B_IRQHandler
                0x00000734                WideTimer5A_IRQHandler
                0x00000734                Timer4A_IRQHandler
                0x00000734                QEI1_IRQHandler
                0x00000734                PWM1Fault_IRQHandler
                0x00000734                GPIOPortP6_IRQHandler
                0x00000734                QEI0_IRQHandler
                0x00000734                ADC1Seq2_IRQHandler
                0x00000734                ADC1Seq1_IRQHandler
                0x00000734                PWMGen3_IRQHandler
                0x00000734                GPIOPortD_IRQHandler
                0x00000734                USB0_IRQHandler
                0x00000734                I2C3_IRQHandler
                0x00000734                SVC_Handler
                0x00000734                GPIOPortP2_IRQHandler
                0x00000734                GPIOPortQ4_IRQHandler
                0x00000734                Timer3B_IRQHandler
                0x00000734                Timer3A_IRQHandler
                0x00000734                GPIOPortA_IRQHandler
                0x00000734                ADC1Seq3_IRQHandler
                0x00000734                Timer0A_IRQHandler
                0x00000734                GPIOPortP1_IRQHandler
                0x00000734                ADCSeq0_IRQHandler
                0x00000734                Timer1A_IRQHandler
                0x00000734                GPIOPortG_IRQHandler
                0x00000734                GPIOPortQ1_IRQHandler
                0x00000734                GPIOPortQ3_IRQHandler
                0x00000734                Timer5B_IRQHandler
                0x00000734                ADCSeq3_IRQHandler
                0x00000734                WideTimer4A_IRQHandler
                0x00000734                GPIOPortE_IRQHandler
                0x00000734                CAN0_IRQHandler
                0x00000734                GPIOPortQ0_IRQHandler
                0x00000734                Comp0_IRQHandler
                0x00000734                Comp1_IRQHandler
                0x00000734                Comp2_IRQHandler
                0x00000734                GPIOPortQ6_IRQHandler
                0x00000734                SSI2_IRQHandler
                0x00000734                PWM1Gen0_IRQHandler
                0x00000734                UART7_IRQHandler
                0x00000734                UART6_IRQHandler
                0x00000734                WideTimer2A_IRQHandler
                0x00000734                GPIOPortB_IRQHandler
                0x00000734                WideTimer3A_IRQHandler
                0x00000734                CAN2_IRQHandler
                0x00000734                WideTimer1B_IRQHandler
                0x00000734                GPIOPortH_IRQHandler
                0x00000734                GPIOPortQ2_IRQHandler
                0x00000734                GPIOPortR_IRQHandler
                0x00000734                Timer4B_IRQHandler
                0x00000734                Timer2A_IRQHandler
                0x00000734                SSI3_IRQHandler
                0x00000734                Timer2B_IRQHandler
                0x00000734                uDMAError_IRQHandler
                0x00000734                GPIOPortN_IRQHandler
                0x00000734                UART3_IRQHandler
                0x00000734                SysCtrl_IRQHandler
                0x00000734                Hibernate_IRQHandler
                0x00000734                PWM1Gen1_IRQHandler
 .text.getOscClk
                0x0000074c      0x148 ./system_TM4C123GH6PM.o
 .text.SystemCoreClockUpdate
                0x00000894       0xb4 ./system_TM4C123GH6PM.o
                0x00000894                SystemCoreClockUpdate
 .text.SystemInit
                0x00000948       0xb8 ./system_TM4C123GH6PM.o
                0x00000948                SystemInit
 .text.QXThread_stackInit_
                0x00000a00       0x9c ./qpc/ports/arm-cm/qxk/gnu/qxk_port.o
                0x00000a00                QXThread_stackInit_
 .text.QXK_init
                0x00000a9c       0x54 ./qpc/ports/arm-cm/qxk/gnu/qxk_port.o
                0x00000a9c                QXK_init
 .text.PendSV_Handler
                0x00000af0      0x10c ./qpc/ports/arm-cm/qxk/gnu/qxk_port.o
                0x00000af0                PendSV_Handler
 .text.QXK_thread_ret
                0x00000bfc       0x24 ./qpc/ports/arm-cm/qxk/gnu/qxk_port.o
                0x00000bfc                QXK_thread_ret
 .text.NMI_Handler
                0x00000c20       0x1e ./qpc/ports/arm-cm/qxk/gnu/qxk_port.o
                0x00000c20                NMI_Handler
 .text.QHsm_top
                0x00000c3e        0x4 ./qpc/src/qf/qep_hsm.o
                0x00000c3e                QHsm_top
 *fill*         0x00000c42        0x2 
 .text.QHsm_init_
                0x00000c44       0xdc ./qpc/src/qf/qep_hsm.o
                0x00000c44                QHsm_init_
 .text.QHsm_ctor
                0x00000d20       0x14 ./qpc/src/qf/qep_hsm.o
                0x00000d20                QHsm_ctor
 .text.QHsm_isIn
                0x00000d34       0x58 ./qpc/src/qf/qep_hsm.o
                0x00000d34                QHsm_isIn
 .text.QHsm_childState
                0x00000d8c       0x58 ./qpc/src/qf/qep_hsm.o
                0x00000d8c                QHsm_childState
 .text.QHsm_tran_
                0x00000de4      0x13c ./qpc/src/qf/qep_hsm.o
                0x00000de4                QHsm_tran_
 .text.QHsm_dispatch_
                0x00000f20      0x144 ./qpc/src/qf/qep_hsm.o
                0x00000f20                QHsm_dispatch_
 .text.QMsm_ctor
                0x00001064       0x14 ./qpc/src/qf/qep_msm.o
                0x00001064                QMsm_ctor
 .text.QMsm_isInState
                0x00001078       0x14 ./qpc/src/qf/qep_msm.o
                0x00001078                QMsm_isInState
 .text.QMsm_childStateObj
                0x0000108c       0x5c ./qpc/src/qf/qep_msm.o
                0x0000108c                QMsm_childStateObj
 .text.QMsm_execTatbl_
                0x000010e8       0x4c ./qpc/src/qf/qep_msm.o
                0x000010e8                QMsm_execTatbl_
 .text.QMsm_init_
                0x00001134       0x78 ./qpc/src/qf/qep_msm.o
                0x00001134                QMsm_init_
 .text.QMsm_exitToTranSource_
                0x000011ac       0x48 ./qpc/src/qf/qep_msm.o
                0x000011ac                QMsm_exitToTranSource_
 .text.QMsm_enterHistory_
                0x000011f4       0x7c ./qpc/src/qf/qep_msm.o
                0x000011f4                QMsm_enterHistory_
 .text.QMsm_dispatch_
                0x00001270      0x19c ./qpc/src/qf/qep_msm.o
                0x00001270                QMsm_dispatch_
 .text.QF_bzero_
                0x0000140c       0x10 ./qpc/src/qf/qf_act.o
                0x0000140c                QF_bzero_
 .text.QTicker_init_
                0x0000141c       0x18 ./qpc/src/qf/qf_actq.o
                0x0000141c                QTicker_init_
 .text.QTicker_dispatch_
                0x00001434       0x32 ./qpc/src/qf/qf_actq.o
                0x00001434                QTicker_dispatch_
 *fill*         0x00001466        0x2 
 .text.QActive_post_
                0x00001468      0x114 ./qpc/src/qf/qf_actq.o
                0x00001468                QActive_post_
 .text.QActive_postLIFO_
                0x0000157c       0xc4 ./qpc/src/qf/qf_actq.o
                0x0000157c                QActive_postLIFO_
 .text.QActive_get_
                0x00001640       0x70 ./qpc/src/qf/qf_actq.o
                0x00001640                QActive_get_
 .text.QF_getQueueMin
                0x000016b0       0x38 ./qpc/src/qf/qf_actq.o
                0x000016b0                QF_getQueueMin
 .text.QTicker_ctor
                0x000016e8       0x1c ./qpc/src/qf/qf_actq.o
                0x000016e8                QTicker_ctor
 .text.QTicker_trig_
                0x00001704       0x68 ./qpc/src/qf/qf_actq.o
                0x00001704                QTicker_trig_
 .text.QActive_defer
                0x0000176c       0x14 ./qpc/src/qf/qf_defer.o
                0x0000176c                QActive_defer
 .text.QActive_recall
                0x00001780       0x54 ./qpc/src/qf/qf_defer.o
                0x00001780                QActive_recall
 .text.QActive_flushDeferred
                0x000017d4       0x2c ./qpc/src/qf/qf_defer.o
                0x000017d4                QActive_flushDeferred
 .text.QF_poolInit
                0x00001800       0x70 ./qpc/src/qf/qf_dyn.o
                0x00001800                QF_poolInit
 .text.QF_poolGetMaxBlockSize
                0x00001870       0x18 ./qpc/src/qf/qf_dyn.o
                0x00001870                QF_poolGetMaxBlockSize
 .text.QF_getPoolMin
                0x00001888       0x44 ./qpc/src/qf/qf_dyn.o
                0x00001888                QF_getPoolMin
 .text.QF_newX_
                0x000018cc       0xac ./qpc/src/qf/qf_dyn.o
                0x000018cc                QF_newX_
 .text.QF_gc    0x00001978       0x80 ./qpc/src/qf/qf_dyn.o
                0x00001978                QF_gc
 .text.QF_newRef_
                0x000019f8       0x4c ./qpc/src/qf/qf_dyn.o
                0x000019f8                QF_newRef_
 .text.QF_deleteRef_
                0x00001a44       0x34 ./qpc/src/qf/qf_dyn.o
                0x00001a44                QF_deleteRef_
 .text.QMPool_init
                0x00001a78       0xa0 ./qpc/src/qf/qf_mem.o
                0x00001a78                QMPool_init
 .text.QMPool_get
                0x00001b18       0x98 ./qpc/src/qf/qf_mem.o
                0x00001b18                QMPool_get
 .text.QMPool_put
                0x00001bb0       0x50 ./qpc/src/qf/qf_mem.o
                0x00001bb0                QMPool_put
 .text.QActive_psInit
                0x00001c00       0x30 ./qpc/src/qf/qf_ps.o
                0x00001c00                QActive_psInit
 .text.QActive_publish_
                0x00001c30      0x11c ./qpc/src/qf/qf_ps.o
                0x00001c30                QActive_publish_
 .text.QActive_subscribe
                0x00001d4c       0x90 ./qpc/src/qf/qf_ps.o
                0x00001d4c                QActive_subscribe
 .text.QActive_unsubscribe
                0x00001ddc       0x90 ./qpc/src/qf/qf_ps.o
                0x00001ddc                QActive_unsubscribe
 .text.QActive_unsubscribeAll
                0x00001e6c       0xa0 ./qpc/src/qf/qf_ps.o
                0x00001e6c                QActive_unsubscribeAll
 .text.QActive_ctor
                0x00001f0c       0x20 ./qpc/src/qf/qf_qact.o
                0x00001f0c                QActive_ctor
 .text.QActive_register_
                0x00001f2c       0x9c ./qpc/src/qf/qf_qact.o
                0x00001f2c                QActive_register_
 .text.QActive_unregister_
                0x00001fc8       0x48 ./qpc/src/qf/qf_qact.o
                0x00001fc8                QActive_unregister_
 .text.QEQueue_init
                0x00002010       0x1e ./qpc/src/qf/qf_qeq.o
                0x00002010                QEQueue_init
 *fill*         0x0000202e        0x2 
 .text.QEQueue_post
                0x00002030       0x94 ./qpc/src/qf/qf_qeq.o
                0x00002030                QEQueue_post
 .text.QEQueue_postLIFO
                0x000020c4       0x88 ./qpc/src/qf/qf_qeq.o
                0x000020c4                QEQueue_postLIFO
 .text.QEQueue_get
                0x0000214c       0x64 ./qpc/src/qf/qf_qeq.o
                0x0000214c                QEQueue_get
 .text.QMActive_ctor
                0x000021b0       0x20 ./qpc/src/qf/qf_qmact.o
                0x000021b0                QMActive_ctor
 .text.QTimeEvt_ctorX
                0x000021d0       0x44 ./qpc/src/qf/qf_time.o
                0x000021d0                QTimeEvt_ctorX
 .text.QTimeEvt_armX
                0x00002214       0x78 ./qpc/src/qf/qf_time.o
                0x00002214                QTimeEvt_armX
 .text.QTimeEvt_disarm
                0x0000228c       0x32 ./qpc/src/qf/qf_time.o
                0x0000228c                QTimeEvt_disarm
 *fill*         0x000022be        0x2 
 .text.QTimeEvt_rearm
                0x000022c0       0x7c ./qpc/src/qf/qf_time.o
                0x000022c0                QTimeEvt_rearm
 .text.QTimeEvt_wasDisarmed
                0x0000233c       0x28 ./qpc/src/qf/qf_time.o
                0x0000233c                QTimeEvt_wasDisarmed
 .text.QTimeEvt_currCtr
                0x00002364       0x16 ./qpc/src/qf/qf_time.o
                0x00002364                QTimeEvt_currCtr
 *fill*         0x0000237a        0x2 
 .text.QTimeEvt_tick_
                0x0000237c       0xd8 ./qpc/src/qf/qf_time.o
                0x0000237c                QTimeEvt_tick_
 .text.QTimeEvt_noActive
                0x00002454       0x4c ./qpc/src/qf/qf_time.o
                0x00002454                QTimeEvt_noActive
 .text.QXK_schedLock
                0x000024a0       0x68 ./qpc/src/qxk/qxk.o
                0x000024a0                QXK_schedLock
 .text.QXK_current
                0x00002508       0x50 ./qpc/src/qxk/qxk.o
                0x00002508                QXK_current
 .text.QXK_sched_
                0x00002558       0xc8 ./qpc/src/qxk/qxk.o
                0x00002558                QXK_sched_
 .text.QXK_activate_
                0x00002620      0x12c ./qpc/src/qxk/qxk.o
                0x00002620                QXK_activate_
 .text.QXK_schedUnlock
                0x0000274c       0x5c ./qpc/src/qxk/qxk.o
                0x0000274c                QXK_schedUnlock
 .text.QXK_contextSw_
                0x000027a8        0xc ./qpc/src/qxk/qxk.o
                0x000027a8                QXK_contextSw_
 .text.QXK_threadExit_
                0x000027b4       0x74 ./qpc/src/qxk/qxk.o
                0x000027b4                QXK_threadExit_
 .text.QF_init  0x00002828       0x50 ./qpc/src/qxk/qxk.o
                0x00002828                QF_init
 .text.QF_stop  0x00002878        0x8 ./qpc/src/qxk/qxk.o
                0x00002878                QF_stop
 .text.QF_run   0x00002880       0x38 ./qpc/src/qxk/qxk.o
                0x00002880                QF_run
 .text.QActive_start_
                0x000028b8       0xec ./qpc/src/qxk/qxk.o
                0x000028b8                QActive_start_
 .text.QXMutex_init
                0x000029a4       0x34 ./qpc/src/qxk/qxk_mutex.o
                0x000029a4                QXMutex_init
 .text.QXMutex_lock
                0x000029d8      0x1b4 ./qpc/src/qxk/qxk_mutex.o
                0x000029d8                QXMutex_lock
 .text.QXMutex_tryLock
                0x00002b8c      0x130 ./qpc/src/qxk/qxk_mutex.o
                0x00002b8c                QXMutex_tryLock
 .text.QXMutex_unlock
                0x00002cbc      0x164 ./qpc/src/qxk/qxk_mutex.o
                0x00002cbc                QXMutex_unlock
 .text.QXSemaphore_init
                0x00002e20       0x38 ./qpc/src/qxk/qxk_sema.o
                0x00002e20                QXSemaphore_init
 .text.QXSemaphore_wait
                0x00002e58       0xf4 ./qpc/src/qxk/qxk_sema.o
                0x00002e58                QXSemaphore_wait
 .text.QXSemaphore_tryWait
                0x00002f4c       0x3c ./qpc/src/qxk/qxk_sema.o
                0x00002f4c                QXSemaphore_tryWait
 .text.QXSemaphore_signal
                0x00002f88       0xa4 ./qpc/src/qxk/qxk_sema.o
                0x00002f88                QXSemaphore_signal
 .text.QXThread_ctor
                0x0000302c       0x1e ./qpc/src/qxk/qxk_xthr.o
                0x0000302c                QXThread_ctor
 *fill*         0x0000304a        0x2 
 .text.QXThread_block_
                0x0000304c       0x3c ./qpc/src/qxk/qxk_xthr.o
                0x0000304c                QXThread_block_
 .text.QXThread_unblock_
                0x00003088       0x34 ./qpc/src/qxk/qxk_xthr.o
                0x00003088                QXThread_unblock_
 .text.QXThread_timeout_
                0x000030bc        0xc ./qpc/src/qxk/qxk_xthr.o
                0x000030bc                QXThread_timeout_
 .text.QXThread_teArm_
                0x000030c8       0x68 ./qpc/src/qxk/qxk_xthr.o
                0x000030c8                QXThread_teArm_
 .text.QXThread_delay
                0x00003130       0x9c ./qpc/src/qxk/qxk_xthr.o
                0x00003130                QXThread_delay
 .text.QXThread_queueGet
                0x000031cc       0xf0 ./qpc/src/qxk/qxk_xthr.o
                0x000031cc                QXThread_queueGet
 .text.QXThread_teDisarm_
                0x000032bc       0x10 ./qpc/src/qxk/qxk_xthr.o
                0x000032bc                QXThread_teDisarm_
 .text.QXThread_delayCancel
                0x000032cc       0x38 ./qpc/src/qxk/qxk_xthr.o
                0x000032cc                QXThread_delayCancel
 *(.rodata)
 *(.rodata*)
 .rodata.Reset_Handler.str1.4
                0x00003304       0x4c ./startup_TM4C123GH6PM.o
                                  0xe (size before relaxing)
 .rodata.NMI_Handler.str1.4
                0x00003350        0x0 ./startup_TM4C123GH6PM.o
                                  0x4 (size before relaxing)
 .rodata.HardFault_Handler.str1.4
                0x00003350        0x0 ./startup_TM4C123GH6PM.o
                                  0xa (size before relaxing)
 .rodata.MemManage_Handler.str1.4
                0x00003350        0x0 ./startup_TM4C123GH6PM.o
                                  0xa (size before relaxing)
 .rodata.BusFault_Handler.str1.4
                0x00003350        0x0 ./startup_TM4C123GH6PM.o
                                  0x9 (size before relaxing)
 .rodata.UsageFault_Handler.str1.4
                0x00003350        0x0 ./startup_TM4C123GH6PM.o
                                  0xb (size before relaxing)
 .rodata.Default_Handler.str1.4
                0x00003350        0x0 ./startup_TM4C123GH6PM.o
                                  0x8 (size before relaxing)
 .rodata.vtable.0
                0x00003350        0x8 ./qpc/src/qf/qep_hsm.o
 .rodata.QEvt_reserved_
                0x00003358       0x10 ./qpc/src/qf/qep_hsm.o
                0x00003358                QEvt_reserved_
 .rodata.QP_versionStr
                0x00003368        0x8 ./qpc/src/qf/qep_hsm.o
                0x00003368                QP_versionStr
 .rodata.Q_this_module_
                0x00003370        0x8 ./qpc/src/qf/qep_hsm.o
 .rodata.vtable.0
                0x00003378        0x8 ./qpc/src/qf/qep_msm.o
 .rodata.l_msm_top_s
                0x00003380       0x14 ./qpc/src/qf/qep_msm.o
 .rodata.Q_this_module_
                0x00003394        0x8 ./qpc/src/qf/qep_msm.o
 .rodata.tickEvt.0
                0x0000339c        0x4 ./qpc/src/qf/qf_actq.o
 .rodata.vtable.1
                0x000033a0        0x8 ./qpc/src/qf/qf_actq.o
 .rodata.Q_this_module_
                0x000033a8        0x8 ./qpc/src/qf/qf_actq.o
 .rodata.Q_this_module_
                0x000033b0        0x9 ./qpc/src/qf/qf_defer.o
 *fill*         0x000033b9        0x3 
 .rodata.Q_this_module_
                0x000033bc        0x7 ./qpc/src/qf/qf_dyn.o
 *fill*         0x000033c3        0x1 
 .rodata.Q_this_module_
                0x000033c4        0x7 ./qpc/src/qf/qf_mem.o
 *fill*         0x000033cb        0x1 
 .rodata.Q_this_module_
                0x000033cc        0x6 ./qpc/src/qf/qf_ps.o
 *fill*         0x000033d2        0x2 
 .rodata.vtable.0
                0x000033d4        0x8 ./qpc/src/qf/qf_qact.o
 .rodata.Q_this_module_
                0x000033dc        0x8 ./qpc/src/qf/qf_qact.o
 .rodata.Q_this_module_
                0x000033e4        0x7 ./qpc/src/qf/qf_qeq.o
 *fill*         0x000033eb        0x1 
 .rodata.vtable.0
                0x000033ec        0x8 ./qpc/src/qf/qf_qmact.o
 .rodata.Q_this_module_
                0x000033f4        0x8 ./qpc/src/qf/qf_time.o
 .rodata.idle_ao.0
                0x000033fc       0x28 ./qpc/src/qxk/qxk.o
 .rodata.Q_this_module_
                0x00003424        0x4 ./qpc/src/qxk/qxk.o
 .rodata.Q_this_module_
                0x00003428        0xa ./qpc/src/qxk/qxk_mutex.o
 *fill*         0x00003432        0x2 
 .rodata.Q_this_module_
                0x00003434        0x9 ./qpc/src/qxk/qxk_sema.o
 *fill*         0x0000343d        0x3 
 .rodata.Q_this_module_
                0x00003440        0x9 ./qpc/src/qxk/qxk_xthr.o
 *(.init)
 *(.fini)
                0x0000344c                        . = ALIGN (0x4)
 *fill*         0x00003449        0x3 

.glue_7         0x0000344c        0x0
 .glue_7        0x0000344c        0x0 linker stubs

.glue_7t        0x0000344c        0x0
 .glue_7t       0x0000344c        0x0 linker stubs

.vfp11_veneer   0x0000344c        0x0
 .vfp11_veneer  0x0000344c        0x0 linker stubs

.v4_bx          0x0000344c        0x0
 .v4_bx         0x0000344c        0x0 linker stubs

.iplt           0x0000344c        0x0
 .iplt          0x0000344c        0x0 ./bsp.o

.rel.dyn        0x0000344c        0x0
 .rel.iplt      0x0000344c        0x0 ./bsp.o

.preinit_array  0x0000344c        0x0
                [!provide]                        PROVIDE (__preinit_array_start = .)
 *(.preinit_array*)
                [!provide]                        PROVIDE (__preinit_array_end = .)

.init_array     0x0000344c        0x0
                [!provide]                        PROVIDE (__init_array_start = .)
 *(SORT_BY_NAME(.init_array.*))
 *(.init_array*)
                [!provide]                        PROVIDE (__init_array_end = .)

.fini_array     0x0000344c        0x0
                [!provide]                        PROVIDE (__fini_array_start = .)
 *(.fini_array*)
 *(SORT_BY_NAME(.fini_array.*))
                [!provide]                        PROVIDE (__fini_array_end = .)
                0x0000344c                        _etext = .

.stack          0x20000000      0x800
                0x20000000                        __stack_start__ = .
                0x20000800                        . = (. + STACK_SIZE)
 *fill*         0x20000000      0x800 
                0x20000800                        . = ALIGN (0x4)
                0x20000800                        __stack_end__ = .

.data           0x20000800        0x4 load address 0x0000344c
                0x0000344c                        __data_load = LOADADDR (.data)
                0x20000800                        __data_start = .
 *(.data)
 .data          0x20000800        0x0 ./bsp.o
 .data          0x20000800        0x0 ./main.o
 .data          0x20000800        0x0 ./startup_TM4C123GH6PM.o
 .data          0x20000800        0x0 ./system_TM4C123GH6PM.o
 .data          0x20000800        0x0 ./qpc/ports/arm-cm/qxk/gnu/qxk_port.o
 .data          0x20000800        0x0 ./qpc/src/qf/qep_hsm.o
 .data          0x20000800        0x0 ./qpc/src/qf/qep_msm.o
 .data          0x20000800        0x0 ./qpc/src/qf/qf_act.o
 .data          0x20000800        0x0 ./qpc/src/qf/qf_actq.o
 .data          0x20000800        0x0 ./qpc/src/qf/qf_defer.o
 .data          0x20000800        0x0 ./qpc/src/qf/qf_dyn.o
 .data          0x20000800        0x0 ./qpc/src/qf/qf_mem.o
 .data          0x20000800        0x0 ./qpc/src/qf/qf_ps.o
 .data          0x20000800        0x0 ./qpc/src/qf/qf_qact.o
 .data          0x20000800        0x0 ./qpc/src/qf/qf_qeq.o
 .data          0x20000800        0x0 ./qpc/src/qf/qf_qmact.o
 .data          0x20000800        0x0 ./qpc/src/qf/qf_time.o
 .data          0x20000800        0x0 ./qpc/src/qxk/qxk.o
 .data          0x20000800        0x0 ./qpc/src/qxk/qxk_mutex.o
 .data          0x20000800        0x0 ./qpc/src/qxk/qxk_sema.o
 .data          0x20000800        0x0 ./qpc/src/qxk/qxk_xthr.o
 *(.data*)
 .data.SystemCoreClock
                0x20000800        0x4 ./system_TM4C123GH6PM.o
                0x20000800                SystemCoreClock
                0x20000804                        . = ALIGN (0x4)
                0x20000804                        __data_end__ = .
                0x20000804                        _edata = __data_end__

.igot.plt       0x20000804        0x0 load address 0x00003450
 .igot.plt      0x20000804        0x0 ./bsp.o

.bss            0x20000804      0x3b4 load address 0x00003450
                0x20000804                        __bss_start__ = .
 *(.bss)
 .bss           0x20000804        0x0 ./bsp.o
 .bss           0x20000804        0x0 ./main.o
 .bss           0x20000804        0x0 ./startup_TM4C123GH6PM.o
 .bss           0x20000804        0x0 ./system_TM4C123GH6PM.o
 .bss           0x20000804        0x0 ./qpc/ports/arm-cm/qxk/gnu/qxk_port.o
 .bss           0x20000804        0x0 ./qpc/src/qf/qep_hsm.o
 .bss           0x20000804        0x0 ./qpc/src/qf/qep_msm.o
 .bss           0x20000804        0x0 ./qpc/src/qf/qf_act.o
 .bss           0x20000804        0x0 ./qpc/src/qf/qf_actq.o
 .bss           0x20000804        0x0 ./qpc/src/qf/qf_defer.o
 .bss           0x20000804        0x0 ./qpc/src/qf/qf_dyn.o
 .bss           0x20000804        0x0 ./qpc/src/qf/qf_mem.o
 .bss           0x20000804        0x0 ./qpc/src/qf/qf_ps.o
 .bss           0x20000804        0x0 ./qpc/src/qf/qf_qact.o
 .bss           0x20000804        0x0 ./qpc/src/qf/qf_qeq.o
 .bss           0x20000804        0x0 ./qpc/src/qf/qf_qmact.o
 .bss           0x20000804        0x0 ./qpc/src/qf/qf_time.o
 .bss           0x20000804        0x0 ./qpc/src/qxk/qxk.o
 .bss           0x20000804        0x0 ./qpc/src/qxk/qxk_mutex.o
 .bss           0x20000804        0x0 ./qpc/src/qxk/qxk_sema.o
 .bss           0x20000804        0x0 ./qpc/src/qxk/qxk_xthr.o
 *(.bss*)
 .bss.l_tickCtr
                0x20000804        0x4 ./bsp.o
 .bss.blinky3   0x20000808       0x3c ./main.o
                0x20000808                blinky3
 .bss.stack_blinky3
                0x20000844       0xa0 ./main.o
                0x20000844                stack_blinky3
 .bss.blinky2   0x200008e4       0x3c ./main.o
                0x200008e4                blinky2
 .bss.stack_blinky2
                0x20000920       0xa0 ./main.o
                0x20000920                stack_blinky2
 .bss.blinky1   0x200009c0       0x3c ./main.o
                0x200009c0                blinky1
 .bss.stack_blinky1
                0x200009fc       0xa0 ./main.o
                0x200009fc                stack_blinky1
 .bss.SW1_sema  0x20000a9c        0x8 ./main.o
                0x20000a9c                SW1_sema
 .bss.QF_priv_  0x20000aa4       0x40 ./qpc/src/qf/qf_act.o
                0x20000aa4                QF_priv_
 .bss.QActive_registry_
                0x20000ae4       0x84 ./qpc/src/qf/qf_act.o
                0x20000ae4                QActive_registry_
 .bss.QActive_maxPubSignal_
                0x20000b68        0x4 ./qpc/src/qf/qf_ps.o
                0x20000b68                QActive_maxPubSignal_
 .bss.QActive_subscrList_
                0x20000b6c        0x4 ./qpc/src/qf/qf_ps.o
                0x20000b6c                QActive_subscrList_
 .bss.QEQueue_dummy
                0x20000b70       0x10 ./qpc/src/qf/qf_qeq.o
                0x20000b70                QEQueue_dummy
 .bss.QTimeEvt_timeEvtHead_
                0x20000b80       0x14 ./qpc/src/qf/qf_time.o
                0x20000b80                QTimeEvt_timeEvtHead_
 .bss.QXK_priv_
                0x20000b94       0x20 ./qpc/src/qxk/qxk.o
                0x20000b94                QXK_priv_
 .bss.QXThread_dummy
                0x20000bb4        0x4 ./qpc/src/qxk/qxk_xthr.o
                0x20000bb4                QXThread_dummy
 *(COMMON)
                0x20000bb8                        . = ALIGN (0x4)
                0x20000bb8                        _ebss = .
                0x20000bb8                        __bss_end__ = .
                0x20000bb8                        __exidx_start = .

.ARM.exidx
 *(.ARM.exidx* .gnu.linkonce.armexidx.*)
                0x20000bb8                        __exidx_end = .
                [!provide]                        PROVIDE (end = _ebss)
                [!provide]                        PROVIDE (_end = _ebss)
                [!provide]                        PROVIDE (__end__ = _ebss)

.heap           0x20000bb8        0x0
                0x20000bb8                        __heap_start__ = .
                0x20000bb8                        . = (. + HEAP_SIZE)
                0x20000bb8                        . = ALIGN (0x4)
                0x20000bb8                        __heap_end__ = .

/DISCARD/
 libc.a(*)
 libm.a(*)
 libgcc.a(*)
START GROUP
LOAD C:/Users/huido/local_development/tmp/0918/bin/../lib/gcc/arm-none-eabi/15.3.1/thumb/v7e-m/nofp\libgcc.a
LOAD C:/Users/huido/local_development/tmp/0918/bin/../lib/gcc/arm-none-eabi/15.3.1/../../../../arm-none-eabi/lib/thumb/v7e-m/nofp\libg.a
LOAD C:/Users/huido/local_development/tmp/0918/bin/../lib/gcc/arm-none-eabi/15.3.1/../../../../arm-none-eabi/lib/thumb/v7e-m/nofp\libc.a
END GROUP
START GROUP
LOAD C:/Users/huido/local_development/tmp/0918/bin/../lib/gcc/arm-none-eabi/15.3.1/thumb/v7e-m/nofp\libgcc.a
LOAD C:/Users/huido/local_development/tmp/0918/bin/../lib/gcc/arm-none-eabi/15.3.1/../../../../arm-none-eabi/lib/thumb/v7e-m/nofp\libc.a
LOAD C:/Users/huido/local_development/tmp/0918/bin/../lib/gcc/arm-none-eabi/15.3.1/../../../../arm-none-eabi/lib/thumb/v7e-m/nofp\libnosys.a
END GROUP
OUTPUT(lesson_27_qxk_semaphore.out elf32-littlearm)
LOAD linker stubs
LOAD C:/Users/huido/local_development/tmp/0918/bin/../lib/gcc/arm-none-eabi/15.3.1/../../../../arm-none-eabi/lib/thumb/v7e-m/nofp\libc.a
LOAD C:/Users/huido/local_development/tmp/0918/bin/../lib/gcc/arm-none-eabi/15.3.1/../../../../arm-none-eabi/lib/thumb/v7e-m/nofp\libm.a
LOAD C:/Users/huido/local_development/tmp/0918/bin/../lib/gcc/arm-none-eabi/15.3.1/thumb/v7e-m/nofp\libgcc.a

.debug_info     0x00000000     0xddba
 .debug_info    0x00000000     0x17b2 ./bsp.o
 .debug_info    0x000017b2      0x94a ./main.o
 .debug_info    0x000020fc      0x204 ./startup_TM4C123GH6PM.o
 .debug_info    0x00002300      0xf23 ./system_TM4C123GH6PM.o
 .debug_info    0x00003223      0x713 ./qpc/ports/arm-cm/qxk/gnu/qxk_port.o
 .debug_info    0x00003936      0xb02 ./qpc/src/qf/qep_hsm.o
 .debug_info    0x00004438      0xb1d ./qpc/src/qf/qep_msm.o
 .debug_info    0x00004f55      0x7d3 ./qpc/src/qf/qf_act.o
 .debug_info    0x00005728      0xe21 ./qpc/src/qf/qf_actq.o
 .debug_info    0x00006549      0x8b2 ./qpc/src/qf/qf_defer.o
 .debug_info    0x00006dfb      0x70f ./qpc/src/qf/qf_dyn.o
 .debug_info    0x0000750a      0x3ef ./qpc/src/qf/qf_mem.o
 .debug_info    0x000078f9      0xe31 ./qpc/src/qf/qf_ps.o
 .debug_info    0x0000872a      0x830 ./qpc/src/qf/qf_qact.o
 .debug_info    0x00008f5a      0x4f8 ./qpc/src/qf/qf_qeq.o
 .debug_info    0x00009452      0x72f ./qpc/src/qf/qf_qmact.o
 .debug_info    0x00009b81      0xab8 ./qpc/src/qf/qf_time.o
 .debug_info    0x0000a639     0x1059 ./qpc/src/qxk/qxk.o
 .debug_info    0x0000b692      0xde2 ./qpc/src/qxk/qxk_mutex.o
 .debug_info    0x0000c474      0xcb3 ./qpc/src/qxk/qxk_sema.o
 .debug_info    0x0000d127      0xc93 ./qpc/src/qxk/qxk_xthr.o

.debug_abbrev   0x00000000     0x376e
 .debug_abbrev  0x00000000      0x2b5 ./bsp.o
 .debug_abbrev  0x000002b5      0x28a ./main.o
 .debug_abbrev  0x0000053f      0x11d ./startup_TM4C123GH6PM.o
 .debug_abbrev  0x0000065c      0x182 ./system_TM4C123GH6PM.o
 .debug_abbrev  0x000007de      0x1ff ./qpc/ports/arm-cm/qxk/gnu/qxk_port.o
 .debug_abbrev  0x000009dd      0x2ff ./qpc/src/qf/qep_hsm.o
 .debug_abbrev  0x00000cdc      0x314 ./qpc/src/qf/qep_msm.o
 .debug_abbrev  0x00000ff0      0x1f1 ./qpc/src/qf/qf_act.o
 .debug_abbrev  0x000011e1      0x3e9 ./qpc/src/qf/qf_actq.o
 .debug_abbrev  0x000015ca      0x261 ./qpc/src/qf/qf_defer.o
 .debug_abbrev  0x0000182b      0x2bd ./qpc/src/qf/qf_dyn.o
 .debug_abbrev  0x00001ae8      0x17d ./qpc/src/qf/qf_mem.o
 .debug_abbrev  0x00001c65      0x3b6 ./qpc/src/qf/qf_ps.o
 .debug_abbrev  0x0000201b      0x21a ./qpc/src/qf/qf_qact.o
 .debug_abbrev  0x00002235      0x1e7 ./qpc/src/qf/qf_qeq.o
 .debug_abbrev  0x0000241c      0x1ce ./qpc/src/qf/qf_qmact.o
 .debug_abbrev  0x000025ea      0x317 ./qpc/src/qf/qf_time.o
 .debug_abbrev  0x00002901      0x3f2 ./qpc/src/qxk/qxk.o
 .debug_abbrev  0x00002cf3      0x39f ./qpc/src/qxk/qxk_mutex.o
 .debug_abbrev  0x00003092      0x32b ./qpc/src/qxk/qxk_sema.o
 .debug_abbrev  0x000033bd      0x3b1 ./qpc/src/qxk/qxk_xthr.o

.debug_loc      0x00000000     0x3909
 .debug_loc     0x00000000       0x39 ./bsp.o
 .debug_loc     0x00000039       0x39 ./main.o
 .debug_loc     0x00000072       0x47 ./startup_TM4C123GH6PM.o
 .debug_loc     0x000000b9      0x1ba ./system_TM4C123GH6PM.o
 .debug_loc     0x00000273       0x6b ./qpc/ports/arm-cm/qxk/gnu/qxk_port.o
 .debug_loc     0x000002de      0x654 ./qpc/src/qf/qep_hsm.o
 .debug_loc     0x00000932      0x5f7 ./qpc/src/qf/qep_msm.o
 .debug_loc     0x00000f29       0x26 ./qpc/src/qf/qf_act.o
 .debug_loc     0x00000f4f      0x512 ./qpc/src/qf/qf_actq.o
 .debug_loc     0x00001461      0x18e ./qpc/src/qf/qf_defer.o
 .debug_loc     0x000015ef      0x419 ./qpc/src/qf/qf_dyn.o
 .debug_loc     0x00001a08      0x2d7 ./qpc/src/qf/qf_mem.o
 .debug_loc     0x00001cdf      0x47b ./qpc/src/qf/qf_ps.o
 .debug_loc     0x0000215a      0x150 ./qpc/src/qf/qf_qact.o
 .debug_loc     0x000022aa      0x2c0 ./qpc/src/qf/qf_qeq.o
 .debug_loc     0x0000256a       0x3c ./qpc/src/qf/qf_qmact.o
 .debug_loc     0x000025a6      0x3b9 ./qpc/src/qf/qf_time.o
 .debug_loc     0x0000295f      0x544 ./qpc/src/qxk/qxk.o
 .debug_loc     0x00002ea3      0x40c ./qpc/src/qxk/qxk_mutex.o
 .debug_loc     0x000032af      0x31a ./qpc/src/qxk/qxk_sema.o
 .debug_loc     0x000035c9      0x340 ./qpc/src/qxk/qxk_xthr.o

.debug_aranges  0x00000000      0x5b0
 .debug_aranges
                0x00000000       0x88 ./bsp.o
 .debug_aranges
                0x00000088       0x38 ./main.o
 .debug_aranges
                0x000000c0       0x50 ./startup_TM4C123GH6PM.o
 .debug_aranges
                0x00000110       0x30 ./system_TM4C123GH6PM.o
 .debug_aranges
                0x00000140       0x40 ./qpc/ports/arm-cm/qxk/gnu/qxk_port.o
 .debug_aranges
                0x00000180       0x50 ./qpc/src/qf/qep_hsm.o
 .debug_aranges
                0x000001d0       0x58 ./qpc/src/qf/qep_msm.o
 .debug_aranges
                0x00000228       0x20 ./qpc/src/qf/qf_act.o
 .debug_aranges
                0x00000248       0x58 ./qpc/src/qf/qf_actq.o
 .debug_aranges
                0x000002a0       0x30 ./qpc/src/qf/qf_defer.o
 .debug_aranges
                0x000002d0       0x50 ./qpc/src/qf/qf_dyn.o
 .debug_aranges
                0x00000320       0x30 ./qpc/src/qf/qf_mem.o
 .debug_aranges
                0x00000350       0x40 ./qpc/src/qf/qf_ps.o
 .debug_aranges
                0x00000390       0x30 ./qpc/src/qf/qf_qact.o
 .debug_aranges
                0x000003c0       0x38 ./qpc/src/qf/qf_qeq.o
 .debug_aranges
                0x000003f8       0x20 ./qpc/src/qf/qf_qmact.o
 .debug_aranges
                0x00000418       0x58 ./qpc/src/qf/qf_time.o
 .debug_aranges
                0x00000470       0x70 ./qpc/src/qxk/qxk.o
 .debug_aranges
                0x000004e0       0x38 ./qpc/src/qxk/qxk_mutex.o
 .debug_aranges
                0x00000518       0x38 ./qpc/src/qxk/qxk_sema.o
 .debug_aranges
                0x00000550       0x60 ./qpc/src/qxk/qxk_xthr.o

.debug_ranges   0x00000000      0x698
 .debug_ranges  0x00000000       0x78 ./bsp.o
 .debug_ranges  0x00000078       0x28 ./main.o
 .debug_ranges  0x000000a0       0x40 ./startup_TM4C123GH6PM.o
 .debug_ranges  0x000000e0       0x20 ./system_TM4C123GH6PM.o
 .debug_ranges  0x00000100       0x30 ./qpc/ports/arm-cm/qxk/gnu/qxk_port.o
 .debug_ranges  0x00000130       0x70 ./qpc/src/qf/qep_hsm.o
 .debug_ranges  0x000001a0       0xa0 ./qpc/src/qf/qep_msm.o
 .debug_ranges  0x00000240       0x10 ./qpc/src/qf/qf_act.o
 .debug_ranges  0x00000250       0x60 ./qpc/src/qf/qf_actq.o
 .debug_ranges  0x000002b0       0x38 ./qpc/src/qf/qf_defer.o
 .debug_ranges  0x000002e8       0x40 ./qpc/src/qf/qf_dyn.o
 .debug_ranges  0x00000328       0x50 ./qpc/src/qf/qf_mem.o
 .debug_ranges  0x00000378       0x80 ./qpc/src/qf/qf_ps.o
 .debug_ranges  0x000003f8       0x20 ./qpc/src/qf/qf_qact.o
 .debug_ranges  0x00000418       0x40 ./qpc/src/qf/qf_qeq.o
 .debug_ranges  0x00000458       0x10 ./qpc/src/qf/qf_qmact.o
 .debug_ranges  0x00000468       0x60 ./qpc/src/qf/qf_time.o
 .debug_ranges  0x000004c8       0x90 ./qpc/src/qxk/qxk.o
 .debug_ranges  0x00000558       0x68 ./qpc/src/qxk/qxk_mutex.o
 .debug_ranges  0x000005c0       0x58 ./qpc/src/qxk/qxk_sema.o
 .debug_ranges  0x00000618       0x80 ./qpc/src/qxk/qxk_xthr.o

.debug_line     0x00000000     0x625f
 .debug_line    0x00000000      0x531 ./bsp.o
 .debug_line    0x00000531      0x23b ./main.o
 .debug_line    0x0000076c      0x12d ./startup_TM4C123GH6PM.o
 .debug_line    0x00000899      0x3e5 ./system_TM4C123GH6PM.o
 .debug_line    0x00000c7e      0x362 ./qpc/ports/arm-cm/qxk/gnu/qxk_port.o
 .debug_line    0x00000fe0      0x759 ./qpc/src/qf/qep_hsm.o
 .debug_line    0x00001739      0x66a ./qpc/src/qf/qep_msm.o
 .debug_line    0x00001da3      0x202 ./qpc/src/qf/qf_act.o
 .debug_line    0x00001fa5      0x764 ./qpc/src/qf/qf_actq.o
 .debug_line    0x00002709      0x2b4 ./qpc/src/qf/qf_defer.o
 .debug_line    0x000029bd      0x437 ./qpc/src/qf/qf_dyn.o
 .debug_line    0x00002df4      0x3c2 ./qpc/src/qf/qf_mem.o
 .debug_line    0x000031b6      0x5ed ./qpc/src/qf/qf_ps.o
 .debug_line    0x000037a3      0x2dd ./qpc/src/qf/qf_qact.o
 .debug_line    0x00003a80      0x472 ./qpc/src/qf/qf_qeq.o
 .debug_line    0x00003ef2      0x1e4 ./qpc/src/qf/qf_qmact.o
 .debug_line    0x000040d6      0x588 ./qpc/src/qf/qf_time.o
 .debug_line    0x0000465e      0x8a0 ./qpc/src/qxk/qxk.o
 .debug_line    0x00004efe      0x821 ./qpc/src/qxk/qxk_mutex.o
 .debug_line    0x0000571f      0x56c ./qpc/src/qxk/qxk_sema.o
 .debug_line    0x00005c8b      0x5d4 ./qpc/src/qxk/qxk_xthr.o

.debug_str      0x00000000     0x1d36
 .debug_str     0x00000000     0x1d36 ./bsp.o
                                0xeaa (size before relaxing)
 .debug_str     0x00001d36        0x0 ./main.o
                                0x5fa (size before relaxing)
 .debug_str     0x00001d36        0x0 ./startup_TM4C123GH6PM.o
                                0x249 (size before relaxing)
 .debug_str     0x00001d36        0x0 ./system_TM4C123GH6PM.o
                                0x82e (size before relaxing)
 .debug_str     0x00001d36        0x0 ./qpc/ports/arm-cm/qxk/gnu/qxk_port.o
                                0x517 (size before relaxing)
 .debug_str     0x00001d36        0x0 ./qpc/src/qf/qep_hsm.o
                                0x5c2 (size before relaxing)
 .debug_str     0x00001d36        0x0 ./qpc/src/qf/qep_msm.o
                                0x5a9 (size before relaxing)
 .debug_str     0x00001d36        0x0 ./qpc/src/qf/qf_act.o
                                0x510 (size before relaxing)
 .debug_str     0x00001d36        0x0 ./qpc/src/qf/qf_actq.o
                                0x68e (size before relaxing)
 .debug_str     0x00001d36        0x0 ./qpc/src/qf/qf_defer.o
                                0x549 (size before relaxing)
 .debug_str     0x00001d36        0x0 ./qpc/src/qf/qf_dyn.o
                                0x41c (size before relaxing)
 .debug_str     0x00001d36        0x0 ./qpc/src/qf/qf_mem.o
                                0x332 (size before relaxing)
 .debug_str     0x00001d36        0x0 ./qpc/src/qf/qf_ps.o
                                0x6e7 (size before relaxing)
 .debug_str     0x00001d36        0x0 ./qpc/src/qf/qf_qact.o
                                0x548 (size before relaxing)
 .debug_str     0x00001d36        0x0 ./qpc/src/qf/qf_qeq.o
                                0x333 (size before relaxing)
 .debug_str     0x00001d36        0x0 ./qpc/src/qf/qf_qmact.o
                                0x4df (size before relaxing)
 .debug_str     0x00001d36        0x0 ./qpc/src/qf/qf_time.o
                                0x5fd (size before relaxing)
 .debug_str     0x00001d36        0x0 ./qpc/src/qxk/qxk.o
                                0x789 (size before relaxing)
 .debug_str     0x00001d36        0x0 ./qpc/src/qxk/qxk_mutex.o
                                0x666 (size before relaxing)
 .debug_str     0x00001d36        0x0 ./qpc/src/qxk/qxk_sema.o
                                0x66d (size before relaxing)
 .debug_str     0x00001d36        0x0 ./qpc/src/qxk/qxk_xthr.o
                                0x687 (size before relaxing)

.comment        0x00000000       0x46
 .comment       0x00000000       0x46 ./bsp.o
                                 0x47 (size before relaxing)
 .comment       0x00000046        0x0 ./main.o
                                 0x47 (size before relaxing)
 .comment       0x00000046        0x0 ./startup_TM4C123GH6PM.o
                                 0x47 (size before relaxing)
 .comment       0x00000046        0x0 ./system_TM4C123GH6PM.o
                                 0x47 (size before relaxing)
 .comment       0x00000046        0x0 ./qpc/ports/arm-cm/qxk/gnu/qxk_port.o
                                 0x47 (size before relaxing)
 .comment       0x00000046        0x0 ./qpc/src/qf/qep_hsm.o
                                 0x47 (size before relaxing)
 .comment       0x00000046        0x0 ./qpc/src/qf/qep_msm.o
                                 0x47 (size before relaxing)
 .comment       0x00000046        0x0 ./qpc/src/qf/qf_act.o
                                 0x47 (size before relaxing)
 .comment       0x00000046        0x0 ./qpc/src/qf/qf_actq.o
                                 0x47 (size before relaxing)
 .comment       0x00000046        0x0 ./qpc/src/qf/qf_defer.o
                                 0x47 (size before relaxing)
 .comment       0x00000046        0x0 ./qpc/src/qf/qf_dyn.o
                                 0x47 (size before relaxing)
 .comment       0x00000046        0x0 ./qpc/src/qf/qf_mem.o
                                 0x47 (size before relaxing)
 .comment       0x00000046        0x0 ./qpc/src/qf/qf_ps.o
                                 0x47 (size before relaxing)
 .comment       0x00000046        0x0 ./qpc/src/qf/qf_qact.o
                                 0x47 (size before relaxing)
 .comment       0x00000046        0x0 ./qpc/src/qf/qf_qeq.o
                                 0x47 (size before relaxing)
 .comment       0x00000046        0x0 ./qpc/src/qf/qf_qmact.o
                                 0x47 (size before relaxing)
 .comment       0x00000046        0x0 ./qpc/src/qf/qf_time.o
                                 0x47 (size before relaxing)
 .comment       0x00000046        0x0 ./qpc/src/qxk/qxk.o
                                 0x47 (size before relaxing)
 .comment       0x00000046        0x0 ./qpc/src/qxk/qxk_mutex.o
                                 0x47 (size before relaxing)
 .comment       0x00000046        0x0 ./qpc/src/qxk/qxk_sema.o
                                 0x47 (size before relaxing)
 .comment       0x00000046        0x0 ./qpc/src/qxk/qxk_xthr.o
                                 0x47 (size before relaxing)

.ARM.attributes
                0x00000000       0x34
 .ARM.attributes
                0x00000000       0x34 ./bsp.o
 .ARM.attributes
                0x00000034       0x34 ./main.o
 .ARM.attributes
                0x00000068       0x34 ./startup_TM4C123GH6PM.o
 .ARM.attributes
                0x0000009c       0x34 ./system_TM4C123GH6PM.o
 .ARM.attributes
                0x000000d0       0x34 ./qpc/ports/arm-cm/qxk/gnu/qxk_port.o
 .ARM.attributes
                0x00000104       0x34 ./qpc/src/qf/qep_hsm.o
 .ARM.attributes
                0x00000138       0x34 ./qpc/src/qf/qep_msm.o
 .ARM.attributes
                0x0000016c       0x34 ./qpc/src/qf/qf_act.o
 .ARM.attributes
                0x000001a0       0x34 ./qpc/src/qf/qf_actq.o
 .ARM.attributes
                0x000001d4       0x34 ./qpc/src/qf/qf_defer.o
 .ARM.attributes
                0x00000208       0x34 ./qpc/src/qf/qf_dyn.o
 .ARM.attributes
                0x0000023c       0x34 ./qpc/src/qf/qf_mem.o
 .ARM.attributes
                0x00000270       0x34 ./qpc/src/qf/qf_ps.o
 .ARM.attributes
                0x000002a4       0x34 ./qpc/src/qf/qf_qact.o
 .ARM.attributes
                0x000002d8       0x34 ./qpc/src/qf/qf_qeq.o
 .ARM.attributes
                0x0000030c       0x34 ./qpc/src/qf/qf_qmact.o
 .ARM.attributes
                0x00000340       0x34 ./qpc/src/qf/qf_time.o
 .ARM.attributes
                0x00000374       0x34 ./qpc/src/qxk/qxk.o
 .ARM.attributes
                0x000003a8       0x34 ./qpc/src/qxk/qxk_mutex.o
 .ARM.attributes
                0x000003dc       0x34 ./qpc/src/qxk/qxk_sema.o
 .ARM.attributes
                0x00000410       0x34 ./qpc/src/qxk/qxk_xthr.o

.debug_frame    0x00000000      0xc44
 .debug_frame   0x00000000      0x118 ./bsp.o
 .debug_frame   0x00000118       0x7c ./main.o
 .debug_frame   0x00000194       0x80 ./startup_TM4C123GH6PM.o
 .debug_frame   0x00000214       0x54 ./system_TM4C123GH6PM.o
 .debug_frame   0x00000268       0x60 ./qpc/ports/arm-cm/qxk/gnu/qxk_port.o
 .debug_frame   0x000002c8       0xdc ./qpc/src/qf/qep_hsm.o
 .debug_frame   0x000003a4       0xec ./qpc/src/qf/qep_msm.o
 .debug_frame   0x00000490       0x20 ./qpc/src/qf/qf_act.o
 .debug_frame   0x000004b0       0xd8 ./qpc/src/qf/qf_actq.o
 .debug_frame   0x00000588       0x60 ./qpc/src/qf/qf_defer.o
 .debug_frame   0x000005e8       0xb4 ./qpc/src/qf/qf_dyn.o
 .debug_frame   0x0000069c       0x60 ./qpc/src/qf/qf_mem.o
 .debug_frame   0x000006fc       0x8c ./qpc/src/qf/qf_ps.o
 .debug_frame   0x00000788       0x5c ./qpc/src/qf/qf_qact.o
 .debug_frame   0x000007e4       0x68 ./qpc/src/qf/qf_qeq.o
 .debug_frame   0x0000084c       0x2c ./qpc/src/qf/qf_qmact.o
 .debug_frame   0x00000878       0xbc ./qpc/src/qf/qf_time.o
 .debug_frame   0x00000934      0x124 ./qpc/src/qxk/qxk.o
 .debug_frame   0x00000a58       0x80 ./qpc/src/qxk/qxk_mutex.o
 .debug_frame   0x00000ad8       0x7c ./qpc/src/qxk/qxk_sema.o
 .debug_frame   0x00000b54       0xf0 ./qpc/src/qxk/qxk_xthr.o
